--- attempt 1
Warp 1.13.0 initialized:
   CUDA Toolkit 12.9, Driver 13.2
   Devices:
     "cpu"      : "x86_64"
     "cuda:0"   : "NVIDIA GeForce RTX 5090 D" (31 GiB, sm_120, mempool enabled)
   Kernel cache:
     /home/bakasakib/.cache/warp/1.13.0
preflight: rl_cf41ec7ce56e  2 x 10 studs x 9 layers, 19 bricks {'1x2': 2, '2x2': 5, '2x3': 9, '2x4': 2, '2x6': 1}, feeder slots 19 of 24
k=8  RSSSS.....  RSSSS.....
k=7  PPP.QQQQQQ  PPP.QQQQQQ
k=6  MMM..NNNNO  MMM..NNNNO
k=5  KKK....LLL  KKK....LLL
k=4  JJJ.....II  JJJ.....II
k=3  HHH.....GG  HHH.....GG
k=2  FFF.....EE  FFF.....EE
k=1  DDD.....CC  DDD.....CC
k=0  BBB.....AA  BBB.....AA
Module newton._src.geometry.inertia a7ff42e load on device 'cuda:0' took 8.23 ms  (cached)
Module newton._src.utils.mesh 1476c2a load on device 'cpu' took 0.93 ms  (cached)
brace grip: 14.3 N per finger, finger material mu 1.000
plan <- /home/bakasakib/Documents/ISDN_Robofab/brickassembly/results/v4/rl/plans/cf41ec7ce56e.json
preflight WARNING: 1 of 19 bricks have no free grasp face (a neighbour sits flush against a pinch face; the placer's fingertips land on its studs): 14 (b_014 1x2) -- the build will likely stop at step 14
Module validate_and_correct_inertia_kernel_524fb5ef 524fb5e load on device 'cuda:0' took 4.72 ms  (cached)
Module newton._src.sim.ik.ik_solver d9f8ff8 load on device 'cuda:0' took 3.50 ms  (cached)
Module IKOptimizerLM___build_specialized__locals___fk_local_a9d6f4f5 a9d6f4f load on device 'cuda:0' took 5.39 ms  (cached)
Module newton._src.sim.ik.ik_common ec7ac17 load on device 'cuda:0' took 5.07 ms  (cached)
Module newton._src.sim.ik.ik_objectives 2ab3ea8 load on device 'cuda:0' took 5.45 ms  (cached)
Module IKOptimizerLM___build_specialized__locals___compute_motion_subspace_2d_28061874 2806187 load on device 'cuda:0' took 13.85 ms  (cached)
Module _lm_solve_tiled_9_15_71b73c32 641c3f9 load on device 'cuda:0' took 186.39 ms  (cached)
Module newton._src.sim.ik.ik_lm_optimizer d941fd7 load on device 'cuda:0' took 2.93 ms  (cached)
Module newton._src.geometry.sdf_utils 30505d5 load on device 'cuda:0' took 2.75 ms  (cached)
Module newton._src.geometry.sdf_texture ba97079 load on device 'cuda:0' took 9.76 ms  (cached)
Module newton._src.sim.graph_coloring 95273ab load on device 'cpu' took 0.21 ms  (cached)
Module newton._src.solvers.mujoco.kernels f5ae6c7 load on device 'cuda:0' took 9.26 ms  (cached)
Module mujoco_warp._src.io 00dd7e1 load on device 'cuda:0' took 6.33 ms  (cached)
Module mujoco_warp._src.smooth 976a5d7 load on device 'cuda:0' took 4.46 ms  (cached)
Module _solve_LD_sparse_fused__locals__kernel_0cf30b6f 88edf4c load on device 'cuda:0' took 2.12 ms  (cached)
Module newton._src.sim.articulation 9875313 load on device 'cuda:0' took 3.32 ms  (cached)
Module newton._src.viewer.kernels 6eaf52b load on device 'cuda:0' took 7.71 ms  (cached)
Module newton._src.sim.collide 0e6be4c load on device 'cuda:0' took 0.89 ms  (cached)
Module newton._src.geometry.broad_phase_sap 7baa1de load on device 'cuda:0' took 0.84 ms  (cached)
Module narrow_phase_primitive_write_contact e070310 load on device 'cuda:0' took 7.05 ms  (cached)
Module narrow_phase_gjk_mpr_True_write_contact_default_default 00fbe52 load on device 'cuda:0' took 7.69 ms  (cached)
Module newton._src.geometry.narrow_phase f722f21 load on device 'cuda:0' took 3.90 ms  (cached)
Module newton._src.geometry.contact_reduction_global 5c84d97 load on device 'cuda:0' took 4.74 ms  (cached)
Module newton._src.geometry.narrow_phase e577950 load on device 'cuda:0' took 3.95 ms  (cached)
Module newton._src.geometry.sdf_contact 1cfb221 load on device 'cuda:0' took 4.23 ms  (cached)
Module narrow_phase_mesh_plane_write_contact_to_reducer_True 0316777 load on device 'cuda:0' took 3.26 ms  (cached)
Module mesh_triangle_contacts_to_reducer_kernel_98f62989 13e0243 load on device 'cuda:0' took 6.42 ms  (cached)
Module newton._src.geometry.contact_reduction_global 5db63a2 load on device 'cuda:0' took 4.86 ms  (cached)
Module sdf_contact_write_contact_to_reducer_False_True e0d3f15 load on device 'cuda:0' took 2.73 ms  (cached)
Module export_reduced_contacts_write_contact c5c25a3 load on device 'cuda:0' took 0.35 ms  (cached)
Module __main__ 83cffed load on device 'cuda:0' took 3.15 ms  (cached)
Module mujoco_warp._src.constraint eb0e24d load on device 'cuda:0' took 1.63 ms  (cached)
Module _efc_contact_init__locals__kernel_c7a6ce3a c7a6ce3 load on device 'cuda:0' took 1.14 ms  (cached)
Module _efc_contact_jac_sparse__locals__kernel_7bafc28b 7bafc28 load on device 'cuda:0' took 3.32 ms  (cached)
Module _efc_contact_update__locals__kernel_b43fbfe7 b43fbfe load on device 'cuda:0' took 1.54 ms  (cached)
Module mujoco_warp._src.forward a76b6a3 load on device 'cuda:0' took 4.28 ms  (cached)
Module mujoco_warp._src.passive 616927b load on device 'cuda:0' took 1.25 ms  (cached)
Module mujoco_warp._src.forward 398750d load on device 'cuda:0' took 2.46 ms  (cached)
Module mujoco_warp._src.support f32a4f8 load on device 'cuda:0' took 5.76 ms  (cached)
Module mujoco_warp._src.solver 7df28c9 load on device 'cuda:0' took 2.24 ms  (cached)
Module solve_init_jaref__locals__kernel_8341383b 8341383 load on device 'cuda:0' took 5.21 ms  (cached)
Module mul_m_sparse__locals___mul_m_sparse_32fa3590 32fa359 load on device 'cuda:0' took 5.78 ms  (cached)
Module update_constraint_efc__locals__kernel_6bfb2757 6bfb275 load on device 'cuda:0' took 3.14 ms  (cached)
Module update_constraint_gauss_cost__locals__kernel_0166b5d7 0166b5d load on device 'cuda:0' took 5.45 ms  (cached)
Module update_gradient_cholesky_blocked__locals__kernel_d100c982 7e9d30d load on device 'cuda:0' took 215.16 ms  (cached)
Module linesearch_jv_fused__locals__kernel_39d93635 39d9363 load on device 'cuda:0' took 4.61 ms  (cached)
Module linesearch_iterative__locals__kernel_6131c716 3698647 load on device 'cuda:0' took 5.24 ms  (cached)
Module mujoco_warp._src.sensor bee2d80 load on device 'cuda:0' took 1.72 ms  (cached)
Module mujoco_warp._src.derivative f06cf21 load on device 'cuda:0' took 3.56 ms  (cached)
rl_cf41ec7ce56e: 19 bricks, 0 braced (none), 21 clutch welds
  step 18 b_018 MISS  {'brick': 'b_018', 'lateral_mm': 0.2, 'dz_mm': 3.4, 'yaw_deg': 0.05, 'tilt_deg': 8.67}
FAILURE gate_miss at step 18: arms open and park
Traceback (most recent call last):
  File "/home/bakasakib/Documents/ISDN_Robofab/brickassembly/dual_arm_sim.py", line 1522, in <module>
    newton.examples.run(example, args)
  File "/home/bakasakib/Codes/CAIRSS/Issac/lib/python3.12/site-packages/newton/examples/__init__.py", line 330, in run
    example.test_final()
  File "/home/bakasakib/Documents/ISDN_Robofab/brickassembly/dual_arm_sim.py", line 1213, in test_final
    assert self.failure is None, "%s at step %s (%d built)" % (self.failure, self.failed_at_step,
           ^^^^^^^^^^^^^^^^^^^^
AssertionError: gate_miss at step 18 (18 built)
