[1/49] 9bec205ba04e8f63 harness shape:cube step 7 nominal -> success (38s)
[2/49] 8166600cb1c990b6 harness shape:hollow step 11 nominal -> success (41s)
[3/49] 0c260ebb0f625786 harness shape:arch step 10 nominal -> success (41s)
[4/49] 12fd989fc5de61c1 harness 204b2d0b94a1 step 15 triple_none -> fail:joint_break (46s)
[5/49] a51827cdb41d84d1 harness shape:cube step 7 nominal -> success (30s)
[6/49] aac9b13fe9b71b1f harness shape:arch step 10 nominal -> success (36s)
[7/49] 8bef98e97c6bcc4e harness shape:hollow step 11 nominal -> success (36s)
[8/49] 624623804982693a harness shape:cube step 7 nominal -> success (34s)
[9/49] a7cf41b254822518 harness shape:arch step 10 nominal -> success (25s)
[10/49] 51d9e8ef084e20f2 harness shape:hollow step 11 nominal -> success (38s)
[11/49] c23b0b9f0d75aa00 harness 204b2d0b94a1 step 15 triple_none -> fail:joint_break (51s)
[12/49] d660c9d9e32ec231 harness 0813a88a6b01 step 12 triple_braced -> fail:joint_break (72s)
[13/49] d1b785c014eededb harness 0813a88a6b01 step 12 triple_braced -> fail:joint_break (70s)
[14/49] 67f8df5e69496fd8 harness 7058bb984429 step 15 triple_none -> fail:joint_break (59s)
[15/49] c2b0bca220c0a95a harness 7058bb984429 step 15 triple_none -> fail:joint_break (58s)
[16/49] 46bc820d182b0119 harness cf41ec7ce56e step 18 triple_none -> fail:joint_break (67s)
[17/49] bd4f14f544a04035 harness cf41ec7ce56e step 18 triple_none -> fail:joint_break (68s)
[18/49] 80aaab091dad6e00 harness 563e57e9863f step 17 triple_braced -> fail:joint_break (116s)
[19/49] aba45fcd78941820 harness 563e57e9863f step 17 triple_braced -> fail:joint_break (112s)
[20/49] 1406c39654134037 harness c2c29f558444 step 13 triple_braced -> fail:joint_break (58s)
[21/49] b42367fff63dbabe harness f34c16554242 step 8 triple_none -> fail:joint_break (52s)
[22/49] a6b98df857af9a80 harness f34c16554242 step 8 triple_none -> fail:joint_break (46s)
[23/49] bd6eb21af3ce4f1a harness c2c29f558444 step 13 triple_braced -> fail:joint_break (96s)
[24/49] 4ec8a28dc2908adf harness 51079b0c17e1 step 7 triple_braced -> fail:joint_break (59s)
[25/49] ba4bce45c712e712 harness 5977342480ce step 19 triple_none -> fail:joint_break (54s)
[26/49] d1e6ab5017e16879 harness 51079b0c17e1 step 7 triple_braced -> fail:joint_break (59s)
[27/49] 06ba1f2d9a3c175f harness 5977342480ce step 19 triple_none -> fail:joint_break (49s)
[28/49] 8bc214f47663bb13 harness 315f8c89b3f5 step 4 triple_braced -> fail:other (52s)
[29/49] 5b8042ebf7dab0b7 harness c1835c776e4d step 12 triple_none -> success (42s)
[30/49] 6d1ac6e8930ed64d harness 315f8c89b3f5 step 4 triple_braced -> fail:other (49s)
[31/49] 31eaeb93ba79b5da harness c1835c776e4d step 12 triple_none -> success (37s)
[32/49] 33cf70a22adc85f9 harness 56757dba0685 step 6 triple_none -> fail:joint_break (38s)
[33/49] d6e0eb1704e7ebf0 harness 56757dba0685 step 6 triple_none -> fail:joint_break (38s)
[34/49] 0a987005a4d9de5b harness ded1e720e84f step 17 triple_braced -> fail:joint_break (122s)
[35/49] 7671e616943f1cb8 harness ded1e720e84f step 17 triple_braced -> fail:joint_break (119s)
[36/49] 1f63b48d2d5b01cf harness 3c6ca34f3b6a step 18 triple_braced -> fail:joint_break (115s)
[37/49] 10b5095842a7e32b harness cc7d1795c13d step 15 triple_none -> fail:gate_miss (56s)
[38/49] 5f5a5fc77f4e47fd harness 3c6ca34f3b6a step 18 triple_braced -> fail:joint_break (113s)
[39/49] 6367818befa21665 harness cc7d1795c13d step 15 triple_none -> fail:gate_miss (51s)
[40/49] c65501996cebc4e2 harness 28583c6d06dd step 18 triple_none -> fail:joint_break (58s)
[41/49] cb29e3792974d96e harness 28583c6d06dd step 18 triple_none -> fail:joint_break (58s)
[42/49] f30358ac3edc54a3 harness c9f4d38b6a76 step 17 triple_braced -> fail:joint_break (81s)
[43/49] 6e39b43d2f2aaaf9 harness c9f4d38b6a76 step 17 triple_braced -> fail:joint_break (86s)
[44/49] 214c5d5679c190c3 harness a914433aee30 step 15 triple_none -> fail:joint_break (63s)
[45/49] 0ca0d358e8ccb197 harness c3e319bc2002 step 16 triple_braced -> fail:gate_miss (79s)
[46/49] 2d4c256f1bbb810c harness c3e319bc2002 step 16 triple_braced -> fail:gate_miss (78s)
[47/49] 929553afcb9ce309 harness a914433aee30 step 15 triple_none -> fail:joint_break (61s)
[48/49] e1acd5dafced592c harness 49040e590109 step 15 triple_braced -> fail:joint_break (51s)
[49/49] 1ee43391706bd924 harness 49040e590109 step 15 triple_braced -> fail:joint_break (52s)
harness: {'unique': 49, 'to_run': 49, 'ran': 49, 'errors': 0, 'wall_s': 778.9} | merge {'entries': 49, 'with_record': 49, 'lost': 0, 'missing': 0, 'unique_ids': 49}
[1/20] a53f1380901c7f49 throughput 0813a88a6b01 step 12 warm -> fail:joint_break (49s)
[2/20] c0a6c37576280753 throughput 563e57e9863f step 17 warm -> fail:joint_break (60s)
[3/20] 4de8148ba7c39a7e throughput 204b2d0b94a1 step 15 warm -> fail:joint_break (62s)
[4/20] 641ceb6844ac9748 throughput 7058bb984429 step 15 warm -> fail:joint_break (69s)
[5/20] 766b28fc3dd87540 throughput f34c16554242 step 8 warm -> fail:joint_break (45s)
[6/20] 1bb8a2637aee256b throughput c2c29f558444 step 13 warm -> fail:joint_break (49s)
[7/20] f023a882b78a70c4 throughput cf41ec7ce56e step 18 warm -> fail:joint_break (60s)
[8/20] 17399ef0461cad5a throughput 51079b0c17e1 step 7 warm -> fail:joint_break (41s)
[9/20] 5d1da2a48c7c3364 throughput 315f8c89b3f5 step 4 warm -> fail:joint_break (35s)
[10/20] cb0783543d06b606 throughput c1835c776e4d step 12 warm -> success (50s)
[11/20] d2a67f3858db68cc throughput 5977342480ce step 19 warm -> fail:joint_break (65s)
[12/20] 8ed48743a72480a7 throughput 56757dba0685 step 6 warm -> fail:joint_break (38s)
[13/20] cd99df8c6108cb8f throughput ded1e720e84f step 17 warm -> fail:joint_break (78s)
[14/20] 10e091e0201b8d5b throughput cc7d1795c13d step 15 warm -> fail:gate_miss (47s)
[15/20] 0a74a1e1e3560ba9 throughput 3c6ca34f3b6a step 18 warm -> fail:joint_break (74s)
[16/20] aebc485aa1fbe4ac throughput c9f4d38b6a76 step 17 warm -> fail:joint_break (55s)
[17/20] ff6c9f424bd3f1b1 throughput 28583c6d06dd step 18 warm -> fail:joint_break (53s)
[18/20] 3789807a870a9486 throughput c3e319bc2002 step 16 warm -> fail:joint_break (44s)
[19/20] 2d4967891636ee12 throughput a914433aee30 step 15 warm -> fail:joint_break (44s)
[20/20] 8eaf75e867f46f16 throughput 49040e590109 step 15 warm -> fail:joint_break (42s)
warm-up (untimed): {'unique': 20, 'to_run': 20, 'ran': 20, 'errors': 0, 'wall_s': 278.5}
[1/40] cf4c44a169e21b32 throughput 204b2d0b94a1 step 15 none -> fail:joint_break (20s)
[2/40] c7a25e814b626854 throughput 204b2d0b94a1 step 15 braced -> fail:joint_break (48s)
[3/40] a5709dadcdb840d1 throughput 0813a88a6b01 step 12 none -> fail:joint_break (17s)
[4/40] a64d34ba06296870 throughput 0813a88a6b01 step 12 braced -> fail:joint_break (24s)
[5/40] 5fee834225e80989 throughput 7058bb984429 step 15 none -> fail:joint_break (23s)
[6/40] cb933b5dd6865b6a throughput 7058bb984429 step 15 braced -> fail:joint_break (54s)
[7/40] 0537942e0e3ea443 throughput 563e57e9863f step 17 none -> fail:joint_break (25s)
[8/40] 88990af8c97552eb throughput 563e57e9863f step 17 braced -> fail:joint_break (37s)
[9/40] a8ed2141ad8e9104 throughput cf41ec7ce56e step 18 none -> fail:joint_break (26s)
[10/40] 1bb6fa28c2640db7 throughput cf41ec7ce56e step 18 braced -> fail:gate_miss (37s)
[11/40] 27fc4eb8325a61ac throughput c2c29f558444 step 13 none -> fail:joint_break (18s)
[12/40] 81df5eba8aeec408 throughput c2c29f558444 step 13 braced -> fail:joint_break (27s)
[13/40] b6aed8cd41aeb1d8 throughput f34c16554242 step 8 none -> fail:joint_break (15s)
[14/40] 16083be112c2a9c4 throughput f34c16554242 step 8 braced -> fail:joint_break (22s)
[15/40] 945ee4fbd8b95ae2 throughput 51079b0c17e1 step 7 none -> fail:joint_break (15s)
[16/40] ab6a40a9c9fc539c throughput 51079b0c17e1 step 7 braced -> fail:joint_break (22s)
[17/40] 58de82e535c82d47 throughput 5977342480ce step 19 none -> fail:joint_break (24s)
[18/40] 3c75fcdf41902b22 throughput 5977342480ce step 19 braced -> fail:joint_break (36s)
[19/40] 0b631e79d2f4fe95 throughput 315f8c89b3f5 step 4 none -> fail:joint_break (14s)
[20/40] d13e369990263ffa throughput 315f8c89b3f5 step 4 braced -> fail:joint_break (20s)
[21/40] 1d07e31150767286 throughput c1835c776e4d step 12 none -> success (19s)
[22/40] 92d01ae1a09960a1 throughput c1835c776e4d step 12 braced -> fail:joint_break (30s)
[23/40] 0d711e05f4899faf throughput ded1e720e84f step 17 none -> fail:joint_break (29s)
[24/40] 25f7ed331e2a9351 throughput ded1e720e84f step 17 braced -> fail:joint_break (40s)
[25/40] 66b383c0f76165ad throughput 56757dba0685 step 6 none -> fail:joint_break (14s)
[26/40] 67c00246741702ab throughput 56757dba0685 step 6 braced -> fail:joint_break (20s)
[27/40] 5a48432920997224 throughput 3c6ca34f3b6a step 18 none -> fail:joint_break (28s)
[28/40] 19e330d64b75915e throughput 3c6ca34f3b6a step 18 braced -> fail:joint_break (37s)
[29/40] d42e461d860b057a throughput cc7d1795c13d step 15 none -> fail:joint_break (20s)
[30/40] ef2af53b24c2fbc7 throughput cc7d1795c13d step 15 braced -> fail:gate_miss (34s)
[31/40] 6f8d2d0b609c7e2e throughput c9f4d38b6a76 step 17 none -> fail:joint_break (19s)
[32/40] 82f1dadba4bf0edf throughput c9f4d38b6a76 step 17 braced -> fail:joint_break (28s)
[33/40] c921080f8af36625 throughput 28583c6d06dd step 18 none -> fail:joint_break (23s)
[34/40] 61824e04afd8277b throughput 28583c6d06dd step 18 braced -> fail:joint_break (32s)
[35/40] 817abb862225c8c6 throughput c3e319bc2002 step 16 none -> fail:joint_break (19s)
[36/40] b9735b575435c144 throughput c3e319bc2002 step 16 braced -> fail:joint_break (28s)
[37/40] 55771e0f0354128f throughput a914433aee30 step 15 none -> fail:joint_break (22s)
[38/40] 0c8dee8946ebf04b throughput a914433aee30 step 15 braced -> fail:joint_break (34s)
[39/40] 6b467dca0d182ef9 throughput 49040e590109 step 15 none -> fail:joint_break (21s)
[40/40] da7bcfb166a321da throughput 49040e590109 step 15 braced -> fail:joint_break (33s)
batch workers=1: 40 episodes in 1053 s = 137/h
[1/40] 164b4122c6670210 throughput 204b2d0b94a1 step 15 none -> fail:joint_break (35s)
[2/40] d989ee86792e2a76 throughput 0813a88a6b01 step 12 none -> fail:joint_break (29s)
[3/40] 6acae538fe2ab79e throughput 204b2d0b94a1 step 15 braced -> fail:joint_break (87s)
[4/40] a7e62b22f2dcb062 throughput 0813a88a6b01 step 12 braced -> fail:joint_break (35s)
[5/40] 67fb959c15e2d5be throughput 7058bb984429 step 15 none -> fail:joint_break (32s)
[6/40] c1f476d1461f5be8 throughput 563e57e9863f step 17 none -> fail:joint_break (39s)
[7/40] 9638cbd8f838af35 throughput 7058bb984429 step 15 braced -> fail:joint_break (89s)
[8/40] 7a41f4076795c7a1 throughput 563e57e9863f step 17 braced -> fail:joint_break (62s)
[9/40] fe24e29482290d4e throughput cf41ec7ce56e step 18 none -> fail:joint_break (34s)
[10/40] e710269757fac87f throughput c2c29f558444 step 13 none -> success (28s)
[11/40] 157b62aad74cf552 throughput cf41ec7ce56e step 18 braced -> fail:gate_miss (54s)
[12/40] ecbf3fa323d73a8a throughput c2c29f558444 step 13 braced -> fail:joint_break (40s)
[13/40] 41be74d3e5fcf41e throughput f34c16554242 step 8 none -> fail:joint_break (21s)
[14/40] c3eea18f088e5291 throughput 51079b0c17e1 step 7 none -> fail:joint_break (24s)
[15/40] 9e62fa3c1e3ed5f5 throughput f34c16554242 step 8 braced -> fail:gate_miss (33s)
[16/40] d24bec02af72e375 throughput 51079b0c17e1 step 7 braced -> fail:gate_miss (36s)
[17/40] d0b0a8e20c9e4493 throughput 5977342480ce step 19 none -> fail:joint_break (34s)
[18/40] ae86bb42bf1d317f throughput 315f8c89b3f5 step 4 none -> success (20s)
[19/40] 7572f6e63b689c13 throughput 5977342480ce step 19 braced -> fail:gate_miss (53s)
[20/40] 7c4b720823430452 throughput 315f8c89b3f5 step 4 braced -> fail:other (34s)
[21/40] c33d3640dd368a15 throughput c1835c776e4d step 12 none -> fail:joint_break (28s)
[22/40] 76185e60cb3edca2 throughput c1835c776e4d step 12 braced -> fail:joint_break (44s)
[23/40] a42ad43198a3575f throughput ded1e720e84f step 17 none -> fail:joint_break (42s)
[24/40] 6970afeca4c2869e throughput 56757dba0685 step 6 none -> fail:joint_break (25s)
[25/40] 6e5d10be2db42897 throughput ded1e720e84f step 17 braced -> fail:joint_break (57s)
[26/40] 1f2179c68dab195b throughput 56757dba0685 step 6 braced -> fail:joint_break (28s)
[27/40] a64b56880ff5c8fb throughput 3c6ca34f3b6a step 18 none -> fail:joint_break (42s)
[28/40] a77dd252731a2b63 throughput cc7d1795c13d step 15 none -> fail:joint_break (33s)
[29/40] 891cee461226723e throughput 3c6ca34f3b6a step 18 braced -> fail:joint_break (57s)
[30/40] ad4dc89f87d5b922 throughput c9f4d38b6a76 step 17 none -> fail:joint_break (34s)
[31/40] 79c4b751c129d738 throughput cc7d1795c13d step 15 braced -> fail:gate_miss (46s)
[32/40] 51f98b9a9aa9d161 throughput 28583c6d06dd step 18 none -> fail:joint_break (39s)
[33/40] 7991b7ee67148997 throughput c9f4d38b6a76 step 17 braced -> fail:joint_break (51s)
[34/40] 1b68e3211ad879c2 throughput c3e319bc2002 step 16 none -> fail:joint_break (34s)
[35/40] 46affbcb61119f26 throughput 28583c6d06dd step 18 braced -> fail:joint_break (56s)
[36/40] 1c182e9434441ddd throughput c3e319bc2002 step 16 braced -> fail:gate_miss (41s)
[37/40] 580cd2b612e84c25 throughput a914433aee30 step 15 none -> fail:joint_break (31s)
[38/40] 3cb5dcb0d60c7203 throughput 49040e590109 step 15 none -> fail:joint_break (37s)
[39/40] 5842c53c60d0f963 throughput a914433aee30 step 15 braced -> fail:gate_miss (51s)
[40/40] fb4b9eedf319f9de throughput 49040e590109 step 15 braced -> fail:joint_break (29s)
batch workers=2: 40 episodes in 826 s = 174/h
[1/40] 6d0231ead7dac8bf throughput 0813a88a6b01 step 12 none -> success (43s)
[2/40] 7d1865593a43f479 throughput 204b2d0b94a1 step 15 none -> fail:joint_break (60s)
[3/40] 667d5e3cd8b45d0a throughput 0813a88a6b01 step 12 braced -> fail:joint_break (71s)
[4/40] dab72585e9623894 throughput 7058bb984429 step 15 none -> fail:joint_break (66s)
[5/40] bc678e8045f0d7d1 throughput 563e57e9863f step 17 none -> fail:joint_break (62s)
[6/40] bfbbe5a592fb4e38 throughput 204b2d0b94a1 step 15 braced -> fail:joint_break (178s)
[7/40] 8989a866db445442 throughput cf41ec7ce56e step 18 none -> fail:joint_break (64s)
[8/40] b982cbb87d0676bc throughput 563e57e9863f step 17 braced -> fail:joint_break (120s)
[9/40] fd8c2cca27947b66 throughput 7058bb984429 step 15 braced -> fail:joint_break (176s)
[10/40] 93777183447e798d throughput c2c29f558444 step 13 none -> fail:joint_break (51s)
[11/40] 955f41b7bd1675f9 throughput f34c16554242 step 8 none -> fail:joint_break (44s)
[12/40] 1a750181d9ee3c65 throughput cf41ec7ce56e step 18 braced -> fail:gate_miss (110s)
[13/40] 2fdfdc9e58693447 throughput c2c29f558444 step 13 braced -> fail:joint_break (75s)
[14/40] aea508884a70bf17 throughput f34c16554242 step 8 braced -> fail:joint_break (63s)
[15/40] 8f6d5e727d3464e7 throughput 51079b0c17e1 step 7 none -> fail:joint_break (36s)
[16/40] 349ed5a152e9c831 throughput 51079b0c17e1 step 7 braced -> fail:joint_break (62s)
[17/40] 8f9277ef4c369815 throughput 315f8c89b3f5 step 4 none -> fail:joint_break (39s)
[18/40] 165b3a7cd0820a1d throughput 5977342480ce step 19 none -> fail:joint_break (53s)
[19/40] ef4a4a9593bc3f01 throughput c1835c776e4d step 12 none -> fail:joint_break (51s)
[20/40] a2734e2fafd834b8 throughput 315f8c89b3f5 step 4 braced -> fail:joint_break (59s)
[21/40] dacc84ecbcc04d38 throughput 5977342480ce step 19 braced -> fail:gate_miss (99s)
[22/40] f1ffa9dd25fd68b7 throughput c1835c776e4d step 12 braced -> fail:joint_break (80s)
[23/40] 20b94097ec814239 throughput 56757dba0685 step 6 none -> fail:joint_break (41s)
[24/40] 454fd3065e12d492 throughput ded1e720e84f step 17 none -> fail:joint_break (82s)
[25/40] 06d810c40d8d777a throughput 56757dba0685 step 6 braced -> fail:joint_break (64s)
[26/40] 1caeb74cdc32914c throughput 3c6ca34f3b6a step 18 none -> fail:joint_break (68s)
[27/40] 2d42dd7c2755a22c throughput ded1e720e84f step 17 braced -> fail:joint_break (116s)
[28/40] f2f84033b53b8494 throughput cc7d1795c13d step 15 none -> fail:gate_miss (52s)
[29/40] 9572ea221b3698b3 throughput c9f4d38b6a76 step 17 none -> fail:joint_break (59s)
[30/40] 1c09667784cb8ab0 throughput 3c6ca34f3b6a step 18 braced -> fail:joint_break (110s)
[31/40] 83f038549b79cf67 throughput cc7d1795c13d step 15 braced -> fail:gate_miss (79s)
[32/40] 96d247a565c77c39 throughput 28583c6d06dd step 18 none -> fail:joint_break (66s)
[33/40] 4d89d70eb76ede66 throughput c9f4d38b6a76 step 17 braced -> fail:joint_break (97s)
[34/40] 9c9b6809160ef797 throughput c3e319bc2002 step 16 none -> fail:joint_break (56s)
[35/40] b875109808f534c8 throughput 28583c6d06dd step 18 braced -> fail:joint_break (109s)
[36/40] 0d19dec4cfcac6ba throughput a914433aee30 step 15 none -> fail:joint_break (63s)
[37/40] 15cb617ec332201b throughput c3e319bc2002 step 16 braced -> fail:gate_miss (80s)
[38/40] be326e7d292965ef throughput a914433aee30 step 15 braced -> fail:joint_break (96s)
[39/40] ca11d13c8eaeeb7a throughput 49040e590109 step 15 none -> fail:joint_break (50s)
[40/40] 74aa00fa6d21ebf8 throughput 49040e590109 step 15 braced -> fail:gate_miss (57s)
batch workers=4: 40 episodes in 770 s = 187/h
[1/40] 9dd8b707de837fa4 throughput 0813a88a6b01 step 12 none -> fail:joint_break (96s)
[2/40] 07995a555aff3ffc throughput 204b2d0b94a1 step 15 none -> fail:joint_break (110s)
[3/40] 6c5858b7cb42291c throughput 563e57e9863f step 17 none -> fail:joint_break (129s)
[4/40] fdd7de52421152d4 throughput 7058bb984429 step 15 none -> fail:joint_break (141s)
[5/40] a213f79d05a5e6cb throughput 0813a88a6b01 step 12 braced -> fail:joint_break (149s)
[6/40] 9e4f1228bba95d17 throughput cf41ec7ce56e step 18 none -> fail:joint_break (112s)
[7/40] 58af577cfa125b39 throughput 563e57e9863f step 17 braced -> fail:joint_break (221s)
[8/40] 06c4d7c12beaf9b4 throughput c2c29f558444 step 13 none -> fail:joint_break (98s)
[9/40] 631f727cf5ddd2ee throughput f34c16554242 step 8 none -> fail:joint_break (86s)
[10/40] 98f66b78795b91ba throughput 51079b0c17e1 step 7 none -> fail:joint_break (81s)
[11/40] de684b84c7f2f6f1 throughput c2c29f558444 step 13 braced -> fail:joint_break (165s)
[12/40] 1567b578f129cabb throughput cf41ec7ce56e step 18 braced -> fail:gate_miss (222s)
[13/40] b5c88645ab96fbef throughput f34c16554242 step 8 braced -> fail:joint_break (136s)
[14/40] c3dc4990bbdd4998 throughput 5977342480ce step 19 none -> fail:joint_break (113s)
[15/40] 848ff57969862bf6 throughput 51079b0c17e1 step 7 braced -> fail:joint_break (128s)
[16/40] 5031524b9c77f3d9 throughput 315f8c89b3f5 step 4 none -> success (65s)
[17/40] ffedb0cde9454303 throughput c1835c776e4d step 12 none -> success (97s)
[18/40] 4bc6f542c413786f throughput 315f8c89b3f5 step 4 braced -> fail:other (119s)
[19/40] caaba56f4c2e92b5 throughput ded1e720e84f step 17 none -> fail:joint_break (158s)
[20/40] 1ecee183354c5547 throughput 5977342480ce step 19 braced -> fail:joint_break (216s)
[21/40] 7ce7492761b8fdd8 throughput 56757dba0685 step 6 none -> fail:joint_break (82s)
[22/40] f96ee9414d975f34 throughput c1835c776e4d step 12 braced -> fail:joint_break (183s)
[23/40] a7ad91ca9bcc2da0 throughput 56757dba0685 step 6 braced -> fail:joint_break (129s)
[24/40] 76660ad37b12a11d throughput 204b2d0b94a1 step 15 braced -> fail:gate_miss (600s)
[25/40] b0fc28ebb0fb23f3 throughput 7058bb984429 step 15 braced -> ERROR (600s)
[26/40] ce18693c77a3f2ca throughput ded1e720e84f step 17 braced -> fail:joint_break (249s)
[27/40] d41e11a9fa6cf33f throughput cc7d1795c13d step 15 none -> fail:gate_miss (98s)
[28/40] 4c4f22d3a8317e35 throughput 3c6ca34f3b6a step 18 none -> fail:joint_break (135s)
[29/40] 3821f2d52dff9575 throughput cc7d1795c13d step 15 braced -> fail:gate_miss (160s)
[30/40] 58de6ff13d9a7c7b throughput c9f4d38b6a76 step 17 none -> fail:joint_break (118s)
[31/40] 02f24af2ac947670 throughput 28583c6d06dd step 18 none -> fail:gate_miss (104s)
[32/40] bca85e1a6bca5775 throughput c3e319bc2002 step 16 none -> success (92s)
[33/40] 9ffef1bb5faccd02 throughput 3c6ca34f3b6a step 18 braced -> fail:joint_break (226s)
[34/40] 37e2c16a61e3e8a4 throughput c9f4d38b6a76 step 17 braced -> fail:joint_break (165s)
[35/40] 74baecd8a45ee231 throughput a914433aee30 step 15 none -> fail:joint_break (91s)
[36/40] 343b78bf153fa629 throughput 49040e590109 step 15 none -> fail:joint_break (97s)
[37/40] 2241a7deceb492de throughput c3e319bc2002 step 16 braced -> fail:other (158s)
[38/40] 8b4ed21265e7b117 throughput 28583c6d06dd step 18 braced -> fail:joint_break (197s)
[39/40] 7f38d2ea570c6c42 throughput 49040e590109 step 15 braced -> fail:gate_miss (120s)
[40/40] 0cd6282edfa02ea9 throughput a914433aee30 step 15 braced -> fail:joint_break (135s)
batch workers=8: 40 episodes in 832 s = 173/h
### Criterion 0: harness

| item | value |
|---|---|
| fixture_wrench_checks | "not run by this runner (static scenes, S0.2/S0.4)" |
| repeat_agreement | {"equal": 20, "pairs": 20, "gate": ">= 18/20", "u2_peak_pairs": [[1.1908, 1.1909], [1.4404, 1.4154], [1.0639, 1.0639], [1.1726, 1.4948], [1.0852, 1.0852], [1.6356, 1.5998], [1.1068, 1.1068], [1.0057, 1.0067], [1.039, 1.039], [0.511, 0.5109], [0.5429, 0.5429], [1.1056, 1.1025], [1.075, 1.0758], [1.2052, 1.208], [0.8852, 0.8852], [1.056, 1.0532], [1.029, 1.0279], [0.7571, 0.756], [1.1323, 1.1324], [1.2118, 1.3608]]} |
| nominal_start | shape="cube", step=7, runs=3, success=[true, true, true], u2_peak=[0.0171, 0.0169, 0.0169], full_build_u_peak_range=[0.0252, 0.0273]; shape="arch", step=10, runs=3, success=[true, true, true], u2_peak=[0.0386, 0.0385, 0.0385], full_build_u_peak_range=[0.0372, 0.0379]; shape="hollow_box", step=11, runs=3, success=[true, true, true], u2_peak=[0.1515, 0.1523, 0.1487], full_build_u_peak_range=[0.318, 0.4238] |

### Criterion 1: throughput

| item | value |
|---|---|
| batches | workers=1, n=40, wall_s=1052.6, episodes_per_h=136.8041, per_worker_per_h=136.8041, lost=0, startup_s_median=5.615, rtf_median=0.85; workers=2, n=40, wall_s=826.3, episodes_per_h=174.2708, per_worker_per_h=87.1354, lost=0, startup_s_median=6.14, rtf_median=0.4745; workers=4, n=40, wall_s=770.2, episodes_per_h=186.9644, per_worker_per_h=46.7411, lost=0, startup_s_median=7.58, rtf_median=0.2455; workers=8, n=40, wall_s=832.2, episodes_per_h=173.0353, per_worker_per_h=21.6294, lost=1, startup_s_median=10.38, rtf_median=0.133 |
| best | 4 |
| best_per_h | 186.9644 |
| branch | "pass" |

### Criterion 2: placer

(no data: prerequisite missing: placer has no episodes.jsonl -- run `placer` first)

### Criterion 3: signal

(no data: prerequisite missing: signal has no episodes.jsonl -- run `signal` first)

### Reaction check

(no data: prerequisite missing: reaction has no episodes.jsonl -- run `reaction` first)

### Screen (per context)

(no data: prerequisite missing: screen has no episodes.jsonl -- run `screen` first)

### Criteria 4 and 5: benefit and headroom

(no data: prerequisite missing: validate has no episodes.jsonl -- run `validate` first)

-> /home/bakasakib/Documents/ISDN_Robofab/brickassembly/results/v4/rl/r0/tables.json
