--- attempt 1
Warp 1.13.0 initialized:
   CUDA Toolkit 12.9, Driver 13.2
   Devices:
     "cpu"      : "x86_64"
     "cuda:0"   : "NVIDIA GeForce RTX 5090 D" (31 GiB, sm_120, mempool enabled)
   Kernel cache:
     /home/bakasakib/.cache/warp/1.13.0
preflight: rl_3c6ca34f3b6a  2 x 10 studs x 11 layers, 23 bricks {'1x2': 3, '2x2': 15, '2x4': 3, '2x6': 2}, feeder slots 23 of 24
k=10  .....VVVVW  .....VVVVW
k=9  .....TUUUU  .....TUUUU
k=8  RSSSSSS.QQ  RSSSSSS.QQ
k=7  PPPPPP..OO  PPPPPP..OO
k=6  NNNN....MM  NNNN....MM
k=5  KK......LL  KK......LL
k=4  II......JJ  II......JJ
k=3  GG......HH  GG......HH
k=2  EE......FF  EE......FF
k=1  CC......DD  CC......DD
k=0  AA......BB  AA......BB
Module newton._src.geometry.inertia a7ff42e load on device 'cuda:0' took 3.96 ms  (cached)
Module newton._src.utils.mesh 1476c2a load on device 'cpu' took 0.87 ms  (cached)
brace grip: 14.3 N per finger, finger material mu 1.000
plan <- results/v4/vision/v1_r1/plans/3c6ca34f3b6a.json
preflight WARNING: 1 of 23 bricks have no free grasp face (a neighbour sits flush against a pinch face; the placer's fingertips land on its studs): 22 (b_022 1x2) -- the build will likely stop at step 22
Module validate_and_correct_inertia_kernel_524fb5ef 524fb5e load on device 'cuda:0' took 1.92 ms  (cached)
Module newton._src.sim.ik.ik_solver d9f8ff8 load on device 'cuda:0' took 2.28 ms  (cached)
Module IKOptimizerLM___build_specialized__locals___fk_local_a9d6f4f5 a9d6f4f load on device 'cuda:0' took 4.49 ms  (cached)
Module newton._src.sim.ik.ik_common ec7ac17 load on device 'cuda:0' took 3.59 ms  (cached)
Module newton._src.sim.ik.ik_objectives 2ab3ea8 load on device 'cuda:0' took 3.58 ms  (cached)
Module IKOptimizerLM___build_specialized__locals___compute_motion_subspace_2d_28061874 2806187 load on device 'cuda:0' took 4.32 ms  (cached)
Module _lm_solve_tiled_9_15_71b73c32 641c3f9 load on device 'cuda:0' took 165.20 ms  (cached)
Module newton._src.sim.ik.ik_lm_optimizer d941fd7 load on device 'cuda:0' took 3.08 ms  (cached)
Module newton._src.geometry.sdf_utils 30505d5 load on device 'cuda:0' took 4.92 ms  (cached)
Module newton._src.geometry.sdf_texture ba97079 load on device 'cuda:0' took 5.10 ms  (cached)
Module newton._src.sim.graph_coloring 95273ab load on device 'cpu' took 0.19 ms  (cached)
Module newton._src.solvers.mujoco.kernels f5ae6c7 load on device 'cuda:0' took 5.06 ms  (cached)
Module mujoco_warp._src.io 00dd7e1 load on device 'cuda:0' took 6.12 ms  (cached)
Module mujoco_warp._src.smooth 976a5d7 load on device 'cuda:0' took 4.89 ms  (cached)
Module _solve_LD_sparse_fused__locals__kernel_592ffbdf 0ab6be3 load on device 'cuda:0' took 3.53 ms  (cached)
Module newton._src.sim.articulation 9875313 load on device 'cuda:0' took 3.95 ms  (cached)
Module newton._src.viewer.kernels 6eaf52b load on device 'cuda:0' took 4.00 ms  (cached)
Module newton._src.sim.collide 0e6be4c load on device 'cuda:0' took 3.48 ms  (cached)
Module newton._src.geometry.broad_phase_sap 7baa1de load on device 'cuda:0' took 3.88 ms  (cached)
Module narrow_phase_primitive_write_contact e070310 load on device 'cuda:0' took 8.91 ms  (cached)
Module narrow_phase_gjk_mpr_True_write_contact_default_default 00fbe52 load on device 'cuda:0' took 2.57 ms  (cached)
Module newton._src.geometry.narrow_phase f722f21 load on device 'cuda:0' took 3.62 ms  (cached)
Module newton._src.geometry.contact_reduction_global 5c84d97 load on device 'cuda:0' took 4.58 ms  (cached)
Module newton._src.geometry.narrow_phase e577950 load on device 'cuda:0' took 3.96 ms  (cached)
Module newton._src.geometry.sdf_contact 1cfb221 load on device 'cuda:0' took 5.05 ms  (cached)
Module narrow_phase_mesh_plane_write_contact_to_reducer_True 0316777 load on device 'cuda:0' took 2.72 ms  (cached)
Module mesh_triangle_contacts_to_reducer_kernel_98f62989 13e0243 load on device 'cuda:0' took 3.22 ms  (cached)
Module newton._src.geometry.contact_reduction_global 5db63a2 load on device 'cuda:0' took 3.61 ms  (cached)
Module sdf_contact_write_contact_to_reducer_False_True e0d3f15 load on device 'cuda:0' took 2.43 ms  (cached)
Module export_reduced_contacts_write_contact c5c25a3 load on device 'cuda:0' took 3.17 ms  (cached)
Module __main__ 83cffed load on device 'cuda:0' took 4.27 ms  (cached)
Module mujoco_warp._src.constraint eb0e24d load on device 'cuda:0' took 5.83 ms  (cached)
Module _efc_contact_init__locals__kernel_c7a6ce3a c7a6ce3 load on device 'cuda:0' took 0.56 ms  (cached)
Module _efc_contact_jac_sparse__locals__kernel_7bafc28b 7bafc28 load on device 'cuda:0' took 1.15 ms  (cached)
Module _efc_contact_update__locals__kernel_b43fbfe7 b43fbfe load on device 'cuda:0' took 0.36 ms  (cached)
Module mujoco_warp._src.forward a76b6a3 load on device 'cuda:0' took 3.07 ms  (cached)
Module mujoco_warp._src.passive 616927b load on device 'cuda:0' took 1.22 ms  (cached)
Module mujoco_warp._src.forward 398750d load on device 'cuda:0' took 2.35 ms  (cached)
Module mujoco_warp._src.support f32a4f8 load on device 'cuda:0' took 5.73 ms  (cached)
Module mujoco_warp._src.solver 7df28c9 load on device 'cuda:0' took 3.45 ms  (cached)
Module solve_init_jaref__locals__kernel_bce9dad9 bce9dad load on device 'cuda:0' took 2.01 ms  (cached)
Module mul_m_sparse__locals___mul_m_sparse_32fa3590 32fa359 load on device 'cuda:0' took 1.73 ms  (cached)
Module update_constraint_efc__locals__kernel_6bfb2757 6bfb275 load on device 'cuda:0' took 0.77 ms  (cached)
Module update_constraint_gauss_cost__locals__kernel_4782c2ae 4782c2a load on device 'cuda:0' took 5.44 ms  (cached)
Module update_gradient_cholesky_blocked__locals__kernel_c34401d8 b28d1cd load on device 'cuda:0' took 185.87 ms  (cached)
Module linesearch_jv_fused__locals__kernel_c99b1b78 c99b1b7 load on device 'cuda:0' took 2.52 ms  (cached)
Module linesearch_iterative__locals__kernel_6131c716 3698647 load on device 'cuda:0' took 4.62 ms  (cached)
Module mujoco_warp._src.sensor bee2d80 load on device 'cuda:0' took 2.61 ms  (cached)
Module mujoco_warp._src.derivative f06cf21 load on device 'cuda:0' took 1.51 ms  (cached)
Module newton._src.geometry.bvh ee7ce86 load on device 'cuda:0' took 1.43 ms  (cached)
Module newton._src.sensors.warp_raytrace.utils 373b5a6 load on device 'cuda:0' took 2.67 ms  (cached)
rl_3c6ca34f3b6a: 23 bricks, 0 braced (none), 25 clutch welds
Module newton._src.sensors.warp_raytrace.render 3190a03 load on device 'cuda:0' took 2.78 ms  (cached)
FAILURE perception_v5 at step 18: arms open and park
Traceback (most recent call last):
  File "/home/bakasakib/Documents/ISDN_Robofab/brickassembly/dual_arm_sim.py", line 1861, in <module>
    newton.examples.run(example, args)
  File "/home/bakasakib/Codes/CAIRSS/Issac/lib/python3.12/site-packages/newton/examples/__init__.py", line 330, in run
    example.test_final()
  File "/home/bakasakib/Documents/ISDN_Robofab/brickassembly/dual_arm_sim.py", line 1518, in test_final
    assert self.failure is None, "%s at step %s (%d built)" % (self.failure, self.failed_at_step,
           ^^^^^^^^^^^^^^^^^^^^
AssertionError: perception_v5 at step 18 (18 built)
