--- attempt 1
Warp 1.13.0 initialized:
   CUDA Toolkit 12.9, Driver 13.2
   Devices:
     "cpu"      : "x86_64"
     "cuda:0"   : "NVIDIA GeForce RTX 5090 D" (31 GiB, sm_120, mempool enabled)
   Kernel cache:
     /home/bakasakib/.cache/warp/1.13.0
preflight: rl_7058bb984429  2 x 10 studs x 10 layers, 19 bricks {'1x2': 1, '2x2': 13, '2x4': 3, '2x6': 2}, feeder slots 19 of 24
k=9  SSSS......  SSSS......
k=8  RRRR......  RRRR......
k=7  OO.PPPPPPQ  OO.PPPPPPQ
k=6  MM..NNNNNN  MM..NNNNNN
k=5  KK....LLLL  KK....LLLL
k=4  II......JJ  II......JJ
k=3  GG......HH  GG......HH
k=2  EE......FF  EE......FF
k=1  CC......DD  CC......DD
k=0  AA......BB  AA......BB
Module newton._src.geometry.inertia a7ff42e load on device 'cuda:0' took 1.82 ms  (cached)
Module newton._src.utils.mesh 1476c2a load on device 'cpu' took 1.16 ms  (cached)
brace grip: 14.3 N per finger, finger material mu 1.000
plan <- results/v4/vision/v1_r1/plans/7058bb984429.json
preflight WARNING: 1 of 19 bricks have no free grasp face (a neighbour sits flush against a pinch face; the placer's fingertips land on its studs): 16 (b_016 1x2) -- the build will likely stop at step 16
Module validate_and_correct_inertia_kernel_524fb5ef 524fb5e load on device 'cuda:0' took 0.46 ms  (cached)
Module newton._src.sim.ik.ik_solver d9f8ff8 load on device 'cuda:0' took 0.74 ms  (cached)
Module IKOptimizerLM___build_specialized__locals___fk_local_a9d6f4f5 a9d6f4f load on device 'cuda:0' took 0.69 ms  (cached)
Module newton._src.sim.ik.ik_common ec7ac17 load on device 'cuda:0' took 1.28 ms  (cached)
Module newton._src.sim.ik.ik_objectives 2ab3ea8 load on device 'cuda:0' took 0.96 ms  (cached)
Module IKOptimizerLM___build_specialized__locals___compute_motion_subspace_2d_28061874 2806187 load on device 'cuda:0' took 0.89 ms  (cached)
Module _lm_solve_tiled_9_15_71b73c32 641c3f9 load on device 'cuda:0' took 135.11 ms  (cached)
Module newton._src.sim.ik.ik_lm_optimizer d941fd7 load on device 'cuda:0' took 0.89 ms  (cached)
Module newton._src.geometry.sdf_utils 30505d5 load on device 'cuda:0' took 1.31 ms  (cached)
Module newton._src.geometry.sdf_texture ba97079 load on device 'cuda:0' took 4.67 ms  (cached)
Module newton._src.sim.graph_coloring 95273ab load on device 'cpu' took 0.24 ms  (cached)
Module newton._src.solvers.mujoco.kernels f5ae6c7 load on device 'cuda:0' took 4.50 ms  (cached)
Module mujoco_warp._src.io 00dd7e1 load on device 'cuda:0' took 2.40 ms  (cached)
Module mujoco_warp._src.smooth 976a5d7 load on device 'cuda:0' took 2.04 ms  (cached)
Module _solve_LD_sparse_fused__locals__kernel_0cf30b6f 88edf4c load on device 'cuda:0' took 0.30 ms  (cached)
Module newton._src.sim.articulation 9875313 load on device 'cuda:0' took 2.70 ms  (cached)
Module newton._src.viewer.kernels 6eaf52b load on device 'cuda:0' took 1.28 ms  (cached)
Module newton._src.sim.collide 0e6be4c load on device 'cuda:0' took 0.38 ms  (cached)
Module newton._src.geometry.broad_phase_sap 7baa1de load on device 'cuda:0' took 0.33 ms  (cached)
Module narrow_phase_primitive_write_contact e070310 load on device 'cuda:0' took 0.58 ms  (cached)
Module narrow_phase_gjk_mpr_True_write_contact_default_default 00fbe52 load on device 'cuda:0' took 1.71 ms  (cached)
Module newton._src.geometry.narrow_phase f722f21 load on device 'cuda:0' took 0.61 ms  (cached)
Module newton._src.geometry.contact_reduction_global 5c84d97 load on device 'cuda:0' took 0.33 ms  (cached)
Module newton._src.geometry.narrow_phase e577950 load on device 'cuda:0' took 0.57 ms  (cached)
Module newton._src.geometry.sdf_contact 1cfb221 load on device 'cuda:0' took 0.27 ms  (cached)
Module narrow_phase_mesh_plane_write_contact_to_reducer_True 0316777 load on device 'cuda:0' took 0.27 ms  (cached)
Module mesh_triangle_contacts_to_reducer_kernel_98f62989 13e0243 load on device 'cuda:0' took 1.38 ms  (cached)
Module newton._src.geometry.contact_reduction_global 5db63a2 load on device 'cuda:0' took 0.34 ms  (cached)
Module sdf_contact_write_contact_to_reducer_False_True e0d3f15 load on device 'cuda:0' took 0.60 ms  (cached)
Module export_reduced_contacts_write_contact c5c25a3 load on device 'cuda:0' took 0.28 ms  (cached)
Module __main__ 83cffed load on device 'cuda:0' took 0.25 ms  (cached)
Module mujoco_warp._src.constraint eb0e24d load on device 'cuda:0' took 1.21 ms  (cached)
Module _efc_contact_init__locals__kernel_c7a6ce3a c7a6ce3 load on device 'cuda:0' took 0.31 ms  (cached)
Module _efc_contact_jac_sparse__locals__kernel_7bafc28b 7bafc28 load on device 'cuda:0' took 0.28 ms  (cached)
Module _efc_contact_update__locals__kernel_b43fbfe7 b43fbfe load on device 'cuda:0' took 0.34 ms  (cached)
Module mujoco_warp._src.forward a76b6a3 load on device 'cuda:0' took 1.08 ms  (cached)
Module mujoco_warp._src.passive 616927b load on device 'cuda:0' took 0.77 ms  (cached)
Module mujoco_warp._src.forward 398750d load on device 'cuda:0' took 1.16 ms  (cached)
Module mujoco_warp._src.support f32a4f8 load on device 'cuda:0' took 0.40 ms  (cached)
Module mujoco_warp._src.solver 7df28c9 load on device 'cuda:0' took 1.17 ms  (cached)
Module solve_init_jaref__locals__kernel_8341383b 8341383 load on device 'cuda:0' took 0.42 ms  (cached)
Module mul_m_sparse__locals___mul_m_sparse_32fa3590 32fa359 load on device 'cuda:0' took 0.48 ms  (cached)
Module update_constraint_efc__locals__kernel_6bfb2757 6bfb275 load on device 'cuda:0' took 0.35 ms  (cached)
Module update_constraint_gauss_cost__locals__kernel_0166b5d7 0166b5d load on device 'cuda:0' took 0.41 ms  (cached)
Module update_gradient_cholesky_blocked__locals__kernel_d100c982 7e9d30d load on device 'cuda:0' took 126.13 ms  (cached)
Module linesearch_jv_fused__locals__kernel_39d93635 39d9363 load on device 'cuda:0' took 0.37 ms  (cached)
Module linesearch_iterative__locals__kernel_6131c716 3698647 load on device 'cuda:0' took 0.49 ms  (cached)
Module mujoco_warp._src.sensor bee2d80 load on device 'cuda:0' took 1.64 ms  (cached)
Module mujoco_warp._src.derivative f06cf21 load on device 'cuda:0' took 0.70 ms  (cached)
Module newton._src.geometry.bvh ee7ce86 load on device 'cuda:0' took 4.16 ms  (cached)
Module newton._src.sensors.warp_raytrace.utils 373b5a6 load on device 'cuda:0' took 2.53 ms  (cached)
rl_7058bb984429: 19 bricks, 0 braced (none), 20 clutch welds
Module newton._src.sensors.warp_raytrace.render 3190a03 load on device 'cuda:0' took 2.74 ms  (cached)
FAILURE perception_v5 at step 15: arms open and park
Traceback (most recent call last):
  File "/home/bakasakib/Documents/ISDN_Robofab/brickassembly/dual_arm_sim.py", line 1861, in <module>
    newton.examples.run(example, args)
  File "/home/bakasakib/Codes/CAIRSS/Issac/lib/python3.12/site-packages/newton/examples/__init__.py", line 330, in run
    example.test_final()
  File "/home/bakasakib/Documents/ISDN_Robofab/brickassembly/dual_arm_sim.py", line 1518, in test_final
    assert self.failure is None, "%s at step %s (%d built)" % (self.failure, self.failed_at_step,
           ^^^^^^^^^^^^^^^^^^^^
AssertionError: perception_v5 at step 15 (15 built)
