--- attempt 1
Warp 1.13.0 initialized:
   CUDA Toolkit 12.9, Driver 13.2
   Devices:
     "cpu"      : "x86_64"
     "cuda:0"   : "NVIDIA GeForce RTX 5090 D" (31 GiB, sm_120, mempool enabled)
   Kernel cache:
     /home/bakasakib/.cache/warp/1.13.0
preflight: rl_0813a88a6b01  2 x 11 studs x 7 layers, 13 bricks {'2x2': 4, '2x3': 6, '2x4': 1, '2x6': 2}, feeder slots 13 of 24
k=6  .....MMMMMM  .....MMMMMM
k=5  KKKKKK..LLL  KKKKKK..LLL
k=4  IIII....JJJ  IIII....JJJ
k=3  GG......HHH  GG......HHH
k=2  EE......FFF  EE......FFF
k=1  CC......DDD  CC......DDD
k=0  AA......BBB  AA......BBB
Module newton._src.geometry.inertia a7ff42e load on device 'cuda:0' took 4.80 ms  (cached)
Module newton._src.utils.mesh 1476c2a load on device 'cpu' took 0.88 ms  (cached)
brace grip: 14.3 N per finger, finger material mu 1.000
plan <- results/v4/vision/v1_r1/plans/0813a88a6b01.json
Module validate_and_correct_inertia_kernel_524fb5ef 524fb5e load on device 'cuda:0' took 4.41 ms  (cached)
Module newton._src.sim.ik.ik_solver d9f8ff8 load on device 'cuda:0' took 1.99 ms  (cached)
Module IKOptimizerLM___build_specialized__locals___fk_local_a9d6f4f5 a9d6f4f load on device 'cuda:0' took 2.30 ms  (cached)
Module newton._src.sim.ik.ik_common ec7ac17 load on device 'cuda:0' took 4.92 ms  (cached)
Module newton._src.sim.ik.ik_objectives 2ab3ea8 load on device 'cuda:0' took 5.32 ms  (cached)
Module IKOptimizerLM___build_specialized__locals___compute_motion_subspace_2d_28061874 2806187 load on device 'cuda:0' took 6.43 ms  (cached)
Module _lm_solve_tiled_9_15_71b73c32 641c3f9 load on device 'cuda:0' took 178.18 ms  (cached)
Module newton._src.sim.ik.ik_lm_optimizer d941fd7 load on device 'cuda:0' took 2.15 ms  (cached)
Module newton._src.geometry.sdf_utils 30505d5 load on device 'cuda:0' took 3.63 ms  (cached)
Module newton._src.geometry.sdf_texture ba97079 load on device 'cuda:0' took 8.01 ms  (cached)
Module newton._src.sim.graph_coloring 95273ab load on device 'cpu' took 0.20 ms  (cached)
Module newton._src.solvers.mujoco.kernels f5ae6c7 load on device 'cuda:0' took 5.72 ms  (cached)
Module mujoco_warp._src.io 00dd7e1 load on device 'cuda:0' took 5.87 ms  (cached)
Module mujoco_warp._src.smooth 976a5d7 load on device 'cuda:0' took 2.75 ms  (cached)
Module _solve_LD_sparse_fused__locals__kernel_8bb83359 8f838bf load on device 'cuda:0' took 1.73 ms  (cached)
Module newton._src.sim.articulation 9875313 load on device 'cuda:0' took 7.04 ms  (cached)
Module newton._src.viewer.kernels 6eaf52b load on device 'cuda:0' took 5.32 ms  (cached)
Module newton._src.sim.collide 0e6be4c load on device 'cuda:0' took 2.10 ms  (cached)
Module newton._src.geometry.broad_phase_sap 7baa1de load on device 'cuda:0' took 3.01 ms  (cached)
Module narrow_phase_primitive_write_contact e070310 load on device 'cuda:0' took 3.38 ms  (cached)
Module narrow_phase_gjk_mpr_True_write_contact_default_default 00fbe52 load on device 'cuda:0' took 6.78 ms  (cached)
Module newton._src.geometry.narrow_phase f722f21 load on device 'cuda:0' took 1.46 ms  (cached)
Module newton._src.geometry.contact_reduction_global 5c84d97 load on device 'cuda:0' took 2.55 ms  (cached)
Module newton._src.geometry.narrow_phase e577950 load on device 'cuda:0' took 2.66 ms  (cached)
Module newton._src.geometry.sdf_contact 1cfb221 load on device 'cuda:0' took 5.66 ms  (cached)
Module narrow_phase_mesh_plane_write_contact_to_reducer_True 0316777 load on device 'cuda:0' took 3.06 ms  (cached)
Module mesh_triangle_contacts_to_reducer_kernel_98f62989 13e0243 load on device 'cuda:0' took 3.64 ms  (cached)
Module newton._src.geometry.contact_reduction_global 5db63a2 load on device 'cuda:0' took 4.17 ms  (cached)
Module sdf_contact_write_contact_to_reducer_False_True e0d3f15 load on device 'cuda:0' took 2.03 ms  (cached)
Module export_reduced_contacts_write_contact c5c25a3 load on device 'cuda:0' took 2.47 ms  (cached)
Module __main__ 83cffed load on device 'cuda:0' took 6.35 ms  (cached)
Module mujoco_warp._src.constraint eb0e24d load on device 'cuda:0' took 2.24 ms  (cached)
Module _efc_contact_init__locals__kernel_c7a6ce3a c7a6ce3 load on device 'cuda:0' took 2.92 ms  (cached)
Module _efc_contact_jac_sparse__locals__kernel_7bafc28b 7bafc28 load on device 'cuda:0' took 2.40 ms  (cached)
Module _efc_contact_update__locals__kernel_b43fbfe7 b43fbfe load on device 'cuda:0' took 2.36 ms  (cached)
Module mujoco_warp._src.forward a76b6a3 load on device 'cuda:0' took 1.69 ms  (cached)
Module mujoco_warp._src.passive 616927b load on device 'cuda:0' took 2.36 ms  (cached)
Module mujoco_warp._src.forward 398750d load on device 'cuda:0' took 1.77 ms  (cached)
Module mujoco_warp._src.support f32a4f8 load on device 'cuda:0' took 3.67 ms  (cached)
Module mujoco_warp._src.solver 7df28c9 load on device 'cuda:0' took 5.55 ms  (cached)
Module solve_init_jaref__locals__kernel_199970b3 199970b load on device 'cuda:0' took 4.90 ms  (cached)
Module mul_m_sparse__locals___mul_m_sparse_32fa3590 32fa359 load on device 'cuda:0' took 3.72 ms  (cached)
Module update_constraint_efc__locals__kernel_6bfb2757 6bfb275 load on device 'cuda:0' took 2.77 ms  (cached)
Module update_constraint_gauss_cost__locals__kernel_6ee9e476 6ee9e47 load on device 'cuda:0' took 3.39 ms  (cached)
Module update_gradient_cholesky_blocked__locals__kernel_38fff992 fd276c6 load on device 'cuda:0' took 204.82 ms  (cached)
Module linesearch_jv_fused__locals__kernel_9e9eb728 9e9eb72 load on device 'cuda:0' took 0.58 ms  (cached)
Module linesearch_iterative__locals__kernel_6131c716 3698647 load on device 'cuda:0' took 3.59 ms  (cached)
Module mujoco_warp._src.sensor bee2d80 load on device 'cuda:0' took 5.99 ms  (cached)
Module mujoco_warp._src.derivative f06cf21 load on device 'cuda:0' took 3.67 ms  (cached)
rl_0813a88a6b01: 13 bricks, 0 braced (none), 14 clutch welds
  BREAK b_000 on None: u 1.330, frame 504, step 12
  BREAK b_002 on b_000: u 1.322, frame 504, step 12
  BREAK b_004 on b_002: u 1.291, frame 504, step 12
  BREAK b_006 on b_004: u 1.237, frame 504, step 12
  BREAK b_008 on b_006: u 1.162, frame 504, step 12
FAILURE joint_break at step 12: arms open and park
Traceback (most recent call last):
  File "/home/bakasakib/Documents/ISDN_Robofab/brickassembly/dual_arm_sim.py", line 1861, in <module>
    newton.examples.run(example, args)
  File "/home/bakasakib/Codes/CAIRSS/Issac/lib/python3.12/site-packages/newton/examples/__init__.py", line 330, in run
    example.test_final()
  File "/home/bakasakib/Documents/ISDN_Robofab/brickassembly/dual_arm_sim.py", line 1518, in test_final
    assert self.failure is None, "%s at step %s (%d built)" % (self.failure, self.failed_at_step,
           ^^^^^^^^^^^^^^^^^^^^
AssertionError: joint_break at step 12 (7 built)
