--- attempt 1
Warp 1.13.0 initialized:
   CUDA Toolkit 12.9, Driver 13.2
   Devices:
     "cpu"      : "x86_64"
     "cuda:0"   : "NVIDIA GeForce RTX 5090 D" (31 GiB, sm_120, mempool enabled)
   Kernel cache:
     /home/bakasakib/.cache/warp/1.13.0
preflight: S5p13  2 x 10 studs x 7 layers, 13 bricks {'2x2': 5, '2x4': 5, '2x6': 3}, feeder slots 13 of 24
k=6  LLLLMMMMMM  LLLLMMMMMM
k=5  JJKKKKKK..  JJKKKKKK..
k=4  IIIIII....  IIIIII....
k=3  GGHH......  GGHH......
k=2  FFFF......  FFFF......
k=1  CCDDDDEE..  CCDDDDEE..
k=0  AAAABBBB..  AAAABBBB..
Module newton._src.geometry.inertia a7ff42e load on device 'cuda:0' took 3.47 ms  (cached)
Module newton._src.utils.mesh 1476c2a load on device 'cpu' took 0.88 ms  (cached)
brace grip: 14.3 N per finger, finger material mu 1.000
plan <- results/v4/vision/v1_r1/plans/prefix_S5_13.json
Module validate_and_correct_inertia_kernel_524fb5ef 524fb5e load on device 'cuda:0' took 0.52 ms  (cached)
Module newton._src.sim.ik.ik_solver d9f8ff8 load on device 'cuda:0' took 3.52 ms  (cached)
Module IKOptimizerLM___build_specialized__locals___fk_local_a9d6f4f5 a9d6f4f load on device 'cuda:0' took 6.60 ms  (cached)
Module newton._src.sim.ik.ik_common ec7ac17 load on device 'cuda:0' took 2.66 ms  (cached)
Module newton._src.sim.ik.ik_objectives 2ab3ea8 load on device 'cuda:0' took 1.13 ms  (cached)
Module IKOptimizerLM___build_specialized__locals___compute_motion_subspace_2d_28061874 2806187 load on device 'cuda:0' took 5.55 ms  (cached)
Module _lm_solve_tiled_9_15_71b73c32 641c3f9 load on device 'cuda:0' took 161.41 ms  (cached)
Module newton._src.sim.ik.ik_lm_optimizer d941fd7 load on device 'cuda:0' took 3.02 ms  (cached)
Module newton._src.geometry.sdf_utils 30505d5 load on device 'cuda:0' took 4.10 ms  (cached)
Module newton._src.geometry.sdf_texture ba97079 load on device 'cuda:0' took 8.02 ms  (cached)
Module newton._src.sim.graph_coloring 95273ab load on device 'cpu' took 0.20 ms  (cached)
Module newton._src.solvers.mujoco.kernels f5ae6c7 load on device 'cuda:0' took 6.84 ms  (cached)
Module mujoco_warp._src.io 00dd7e1 load on device 'cuda:0' took 3.45 ms  (cached)
Module mujoco_warp._src.smooth 976a5d7 load on device 'cuda:0' took 3.01 ms  (cached)
Module _solve_LD_sparse_fused__locals__kernel_8bb83359 8f838bf load on device 'cuda:0' took 3.98 ms  (cached)
Module newton._src.sim.articulation 9875313 load on device 'cuda:0' took 7.89 ms  (cached)
Module newton._src.viewer.kernels 6eaf52b load on device 'cuda:0' took 6.12 ms  (cached)
Module newton._src.sim.collide 0e6be4c load on device 'cuda:0' took 0.69 ms  (cached)
Module newton._src.geometry.broad_phase_sap 7baa1de load on device 'cuda:0' took 1.93 ms  (cached)
Module narrow_phase_primitive_write_contact e070310 load on device 'cuda:0' took 6.37 ms  (cached)
Module narrow_phase_gjk_mpr_True_write_contact_default_default 00fbe52 load on device 'cuda:0' took 8.00 ms  (cached)
Module newton._src.geometry.narrow_phase f722f21 load on device 'cuda:0' took 2.12 ms  (cached)
Module newton._src.geometry.contact_reduction_global 5c84d97 load on device 'cuda:0' took 2.50 ms  (cached)
Module newton._src.geometry.narrow_phase e577950 load on device 'cuda:0' took 1.89 ms  (cached)
Module newton._src.geometry.sdf_contact 1cfb221 load on device 'cuda:0' took 2.97 ms  (cached)
Module narrow_phase_mesh_plane_write_contact_to_reducer_True 0316777 load on device 'cuda:0' took 1.21 ms  (cached)
Module mesh_triangle_contacts_to_reducer_kernel_98f62989 13e0243 load on device 'cuda:0' took 7.48 ms  (cached)
Module newton._src.geometry.contact_reduction_global 5db63a2 load on device 'cuda:0' took 3.14 ms  (cached)
Module sdf_contact_write_contact_to_reducer_False_True e0d3f15 load on device 'cuda:0' took 1.50 ms  (cached)
Module export_reduced_contacts_write_contact c5c25a3 load on device 'cuda:0' took 1.19 ms  (cached)
Module mujoco_warp._src.constraint eb0e24d load on device 'cuda:0' took 5.64 ms  (cached)
Module _efc_contact_init__locals__kernel_c7a6ce3a c7a6ce3 load on device 'cuda:0' took 3.42 ms  (cached)
Module _efc_contact_jac_sparse__locals__kernel_7bafc28b 7bafc28 load on device 'cuda:0' took 0.32 ms  (cached)
Module _efc_contact_update__locals__kernel_b43fbfe7 b43fbfe load on device 'cuda:0' took 1.40 ms  (cached)
Module mujoco_warp._src.forward a76b6a3 load on device 'cuda:0' took 5.13 ms  (cached)
Module mujoco_warp._src.passive 616927b load on device 'cuda:0' took 2.36 ms  (cached)
Module mujoco_warp._src.forward 398750d load on device 'cuda:0' took 4.23 ms  (cached)
Module mujoco_warp._src.support f32a4f8 load on device 'cuda:0' took 1.65 ms  (cached)
Module mujoco_warp._src.solver 7df28c9 load on device 'cuda:0' took 2.12 ms  (cached)
Module solve_init_jaref__locals__kernel_199970b3 199970b load on device 'cuda:0' took 3.02 ms  (cached)
Module mul_m_sparse__locals___mul_m_sparse_32fa3590 32fa359 load on device 'cuda:0' took 3.72 ms  (cached)
Module update_constraint_efc__locals__kernel_6bfb2757 6bfb275 load on device 'cuda:0' took 1.95 ms  (cached)
Module update_constraint_gauss_cost__locals__kernel_6ee9e476 6ee9e47 load on device 'cuda:0' took 5.45 ms  (cached)
Module update_gradient_cholesky_blocked__locals__kernel_38fff992 fd276c6 load on device 'cuda:0' took 184.04 ms  (cached)
Module linesearch_jv_fused__locals__kernel_9e9eb728 9e9eb72 load on device 'cuda:0' took 1.53 ms  (cached)
Module linesearch_iterative__locals__kernel_6131c716 3698647 load on device 'cuda:0' took 4.39 ms  (cached)
Module mujoco_warp._src.sensor bee2d80 load on device 'cuda:0' took 3.88 ms  (cached)
Module mujoco_warp._src.derivative f06cf21 load on device 'cuda:0' took 2.51 ms  (cached)
S5p13: 13 bricks, 0 braced (none), 17 clutch welds
  step 12 b_012 MISS  {'brick': 'b_012', 'lateral_mm': 0.77, 'dz_mm': 2.02, 'yaw_deg': 0.03, 'tilt_deg': 10.91}
FAILURE gate_miss at step 12: arms open and park
Traceback (most recent call last):
  File "/home/bakasakib/Documents/ISDN_Robofab/brickassembly/dual_arm_sim.py", line 1861, in <module>
    newton.examples.run(example, args)
  File "/home/bakasakib/Codes/CAIRSS/Issac/lib/python3.12/site-packages/newton/examples/__init__.py", line 330, in run
    example.test_final()
  File "/home/bakasakib/Documents/ISDN_Robofab/brickassembly/dual_arm_sim.py", line 1518, in test_final
    assert self.failure is None, "%s at step %s (%d built)" % (self.failure, self.failed_at_step,
           ^^^^^^^^^^^^^^^^^^^^
AssertionError: gate_miss at step 12 (12 built)
