[1/372] dfc85d159c1c1186 sweep shape:cube step 0 fk_oracle -> success (43s)
[2/372] f1bc76ada354c207 sweep shape:hollow step 0 fk_oracle -> success (45s)
[3/372] 580bd263c351b4b0 sweep shape:arch step 0 fk_oracle -> success (45s)
[4/372] 4ef9775e4a302678 sweep structure:S3 step 7 fk_oracle -> success (51s)
[5/372] 13e3699aeb058ef4 sweep shape:cube step 0 fk_oracle -> success (34s)
[6/372] dbac8bb6c7b3f4e2 sweep shape:cube step 0 fk_oracle -> success (37s)
[7/372] ed5ca0b98c08302e sweep shape:cube step 0 fk_oracle -> success (37s)
[8/372] ce6f8365d67f38ac sweep shape:cube step 0 fk_oracle -> success (34s)
[9/372] 3dd8c3b09d8b364c sweep shape:cube step 0 fk_oracle -> success (29s)
[10/372] cf93cf768da79c3f sweep shape:cube step 0 fk_oracle -> success (37s)
[11/372] 21c8334db0985524 sweep shape:cube step 0 fk_oracle -> success (37s)
[12/372] 3c2cb11da3bd240b sweep shape:cube step 0 fk_oracle -> success (36s)
[13/372] 635972b86b2dc680 sweep shape:cube step 0 fk_oracle -> success (24s)
[14/372] 5093f695a6703db8 sweep shape:cube step 0 fk_oracle -> success (38s)
[15/372] 58d475c8b446d50a sweep shape:cube step 0 fk_oracle -> success (38s)
[16/372] 432fc4ed9a2b1bd0 sweep shape:cube step 1 fk_oracle -> success (38s)
[17/372] 7a271f518930d6a4 sweep shape:cube step 1 fk_oracle -> success (32s)
[18/372] 4b3889887fb3d826 sweep shape:cube step 1 fk_oracle -> success (37s)
[19/372] a6e8cf3a91264e10 sweep shape:cube step 1 fk_oracle -> success (39s)
[20/372] 76aaecc0447b9327 sweep shape:cube step 1 fk_oracle -> success (39s)
[21/372] a171ea21fcde9d8d sweep shape:cube step 1 fk_oracle -> success (37s)
[22/372] b90bcec3c41fa2a4 sweep shape:cube step 1 fk_oracle -> fail:gate_miss (34s)
[23/372] f191701c78d084d6 sweep shape:cube step 1 fk_oracle -> fail:gate_miss (39s)
[24/372] 9bd639a14ba03f85 sweep shape:cube step 1 fk_oracle -> fail:gate_miss (39s)
[25/372] aa0e4881d8817b72 sweep shape:cube step 1 fk_oracle -> success (38s)
[26/372] 3d7b3d3dd19ae6de sweep shape:cube step 1 fk_oracle -> success (26s)
[27/372] 0c2ce95c0f363b40 sweep shape:cube step 1 fk_oracle -> success (37s)
[28/372] 03459828b02f3559 sweep shape:cube step 2 fk_oracle -> success (37s)
[29/372] ba4a82106306328a sweep shape:cube step 2 fk_oracle -> success (37s)
[30/372] a9e4c34ad645512d sweep shape:cube step 2 fk_oracle -> success (26s)
[31/372] 46737ab069393612 sweep shape:cube step 2 fk_oracle -> success (35s)
[32/372] 4508cdf94539d8b5 sweep shape:cube step 2 fk_oracle -> success (37s)
[33/372] b71bf4f9407040df sweep shape:cube step 2 fk_oracle -> success (37s)
[34/372] a908c38e843b6ff2 sweep shape:cube step 2 fk_oracle -> success (34s)
[35/372] b1b6b02dc0686fea sweep shape:cube step 2 fk_oracle -> success (31s)
[36/372] 89b394f7c02fc2e0 sweep shape:cube step 2 fk_oracle -> success (36s)
[37/372] 9881328c2f49a7a9 sweep shape:cube step 2 fk_oracle -> success (36s)
[38/372] b94a689227dc5221 sweep shape:cube step 2 fk_oracle -> success (36s)
[39/372] 875d914d0829fd75 sweep shape:cube step 2 fk_oracle -> success (25s)
[40/372] d06e9094878a0cca sweep shape:cube step 3 fk_oracle -> success (44s)
[41/372] a4d15dc61f393bb0 sweep shape:cube step 3 fk_oracle -> success (45s)
[42/372] 980327e8f352d098 sweep shape:cube step 3 fk_oracle -> success (45s)
[43/372] 5cfd1d49b0742fe8 sweep shape:cube step 3 fk_oracle -> success (36s)
[44/372] ad2c1b60e8ad5f0a sweep shape:cube step 3 fk_oracle -> success (42s)
[45/372] b27a1185a41f1bf2 sweep shape:cube step 3 fk_oracle -> success (44s)
[46/372] 2a47f8578e3aa975 sweep shape:cube step 3 fk_oracle -> success (44s)
[47/372] 99ba34fc5eaedecb sweep shape:cube step 3 fk_oracle -> success (42s)
[48/372] d3da153f0f5115f3 sweep shape:cube step 3 fk_oracle -> success (38s)
[49/372] 21e0ad01371653dc sweep shape:cube step 3 fk_oracle -> fail:gate_miss (45s)
[50/372] f56b19d374fbe6d7 sweep shape:cube step 3 fk_oracle -> fail:gate_miss (46s)
[51/372] f75a6022445b3d58 sweep shape:cube step 3 fk_oracle -> success (45s)
[52/372] 4eee45f5049f1b92 sweep shape:cube step 4 fk_oracle -> success (28s)
[53/372] 18650ebe6242bb67 sweep shape:cube step 4 fk_oracle -> success (36s)
[54/372] e371bf3c10d29108 sweep shape:cube step 4 fk_oracle -> success (37s)
[55/372] 2f59c4e062127461 sweep shape:cube step 4 fk_oracle -> success (37s)
[56/372] fa9d0958c34e146b sweep shape:cube step 4 fk_oracle -> success (29s)
[57/372] 2e66664ce715a08f sweep shape:cube step 4 fk_oracle -> success (34s)
[58/372] 532f6c511f849e8d sweep shape:cube step 4 fk_oracle -> success (36s)
[59/372] 4fb4d8d4b43f0efd sweep shape:cube step 4 fk_oracle -> success (36s)
[60/372] 045f017b87898cc9 sweep shape:cube step 4 fk_oracle -> success (34s)
[61/372] 0705b940de1ebac8 sweep shape:cube step 4 fk_oracle -> success (30s)
[62/372] 700dbbf6a3487c78 sweep shape:cube step 4 fk_oracle -> success (36s)
[63/372] efaa49a8c9283f1e sweep shape:cube step 4 fk_oracle -> success (37s)
[64/372] 48a3d683a40cce1b sweep shape:cube step 5 fk_oracle -> success (39s)
[65/372] af14e817c40fdec5 sweep shape:cube step 5 fk_oracle -> success (38s)
[66/372] c146a850efc2d24e sweep shape:cube step 5 fk_oracle -> success (43s)
[67/372] 31726ba1b9428db0 sweep shape:cube step 5 fk_oracle -> success (43s)
[68/372] 10162768422215c2 sweep shape:cube step 5 fk_oracle -> success (42s)
[69/372] c9528d1aae6e680d sweep shape:cube step 5 fk_oracle -> success (37s)
[70/372] f451488fc32b8ac0 sweep shape:cube step 5 fk_oracle -> fail:gate_miss (44s)
[71/372] ab4c1580906e05a3 sweep shape:cube step 5 fk_oracle -> fail:gate_miss (45s)
[72/372] bd4f168db6f9ecf3 sweep shape:cube step 5 fk_oracle -> fail:gate_miss (45s)
[73/372] 1acfd6bf0ef41b8c sweep shape:cube step 5 fk_oracle -> success (37s)
[74/372] 173f4576f4602a77 sweep shape:cube step 5 fk_oracle -> success (42s)
[75/372] 4b639bc4609e0351 sweep shape:cube step 6 fk_oracle -> success (38s)
[76/372] 9db3677335767041 sweep shape:cube step 5 fk_oracle -> success (43s)
[77/372] ae22348a498c53f2 sweep shape:cube step 6 fk_oracle -> success (35s)
[78/372] 05edcbd44e7af2dd sweep shape:cube step 6 fk_oracle -> success (30s)
[79/372] 7a330215bd7e8289 sweep shape:cube step 6 fk_oracle -> success (37s)
[80/372] 83b41d1b8171acb1 sweep shape:cube step 6 fk_oracle -> success (37s)
[81/372] 47ea391c99eb3d86 sweep shape:cube step 6 fk_oracle -> success (37s)
[82/372] 4fe195eb5fd15a26 sweep shape:cube step 6 fk_oracle -> success (26s)
[83/372] 135d2e659aadde14 sweep shape:cube step 6 fk_oracle -> success (37s)
[84/372] 810c0149cf9c09fe sweep shape:cube step 6 fk_oracle -> success (37s)
[85/372] fd8dfdca4a8a2deb sweep shape:cube step 6 fk_oracle -> success (37s)
[86/372] 9563dd42615153ac sweep shape:cube step 6 fk_oracle -> success (29s)
[87/372] 2a56910753eb9ebd sweep shape:cube step 6 fk_oracle -> success (37s)
[88/372] c7574e19eaee9e5f sweep shape:cube step 7 fk_oracle -> success (43s)
[89/372] 7f7bec69a1f0f0ea sweep shape:cube step 7 fk_oracle -> success (43s)
[90/372] fb7ab440dfc18747 sweep shape:cube step 7 fk_oracle -> success (43s)
[91/372] 43df9cb9cb141f62 sweep shape:cube step 7 fk_oracle -> success (38s)
[92/372] 0b950ba8fd00b2fc sweep shape:cube step 7 fk_oracle -> success (44s)
[93/372] 9104490959a85ef1 sweep shape:cube step 7 fk_oracle -> success (45s)
[94/372] f409c3d36356a739 sweep shape:cube step 7 fk_oracle -> success (44s)
[95/372] eebfee5d2b3ca713 sweep shape:cube step 7 fk_oracle -> success (34s)
[96/372] 9edf290ee9fc22c2 sweep shape:cube step 7 fk_oracle -> success (45s)
[97/372] 8521d7ff0dcf5413 sweep shape:cube step 7 fk_oracle -> fail:gate_miss (47s)
[98/372] c33a6fcbcd90ebab sweep shape:cube step 7 fk_oracle -> fail:gate_miss (47s)
[99/372] 9662d24124e7db41 sweep shape:cube step 7 fk_oracle -> success (40s)
[100/372] c1fa371e2cca9df1 sweep shape:arch step 0 fk_oracle -> success (36s)
[101/372] 6c39ef02c27d9dca sweep shape:arch step 0 fk_oracle -> success (40s)
[102/372] a850e93ee8c45f2f sweep shape:arch step 0 fk_oracle -> success (40s)
[103/372] dd2d1426c63cad84 sweep shape:arch step 0 fk_oracle -> success (37s)
[104/372] 0939cd392af0f741 sweep shape:arch step 0 fk_oracle -> success (35s)
[105/372] 7112bd972270dd38 sweep shape:arch step 0 fk_oracle -> success (38s)
[106/372] d6000995dfc0ee52 sweep shape:arch step 0 fk_oracle -> success (39s)
[107/372] 8732e845f880dbd1 sweep shape:arch step 0 fk_oracle -> success (38s)
[108/372] ae5d32714314f70a sweep shape:arch step 0 fk_oracle -> success (35s)
[109/372] 31428a5600d061a1 sweep shape:arch step 0 fk_oracle -> success (37s)
[110/372] bc75fbf6c6e473a6 sweep shape:arch step 0 fk_oracle -> success (40s)
[111/372] 328f00ff348475e3 sweep shape:arch step 1 fk_oracle -> success (39s)
[112/372] 5f1c7207317b0c82 sweep shape:arch step 1 fk_oracle -> success (35s)
[113/372] 8f10be7fb42cfacf sweep shape:arch step 1 fk_oracle -> success (37s)
[114/372] 5683010350fcbe38 sweep shape:arch step 1 fk_oracle -> success (39s)
[115/372] 45a2ac3536336595 sweep shape:arch step 1 fk_oracle -> success (41s)
[116/372] d2182353b870bcbe sweep shape:arch step 1 fk_oracle -> success (43s)
[117/372] a86ecb801d55ed78 sweep shape:arch step 1 fk_oracle -> success (48s)
[118/372] d4bc06d7fac5a621 sweep shape:arch step 1 fk_oracle -> success (49s)
[119/372] f0b43bc76e6c7299 sweep shape:arch step 1 fk_oracle -> success (50s)
[120/372] abcaba5cbbc12fac sweep shape:arch step 1 fk_oracle -> success (48s)
[121/372] 6e35ceafd7fa5fde sweep shape:arch step 1 fk_oracle -> success (48s)
[122/372] b83e9db65085de83 sweep shape:arch step 1 fk_oracle -> success (50s)
[123/372] fe0043488ea1d943 sweep shape:arch step 2 fk_oracle -> success (60s)
[124/372] 334e42ad8a37e3fd sweep shape:arch step 2 fk_oracle -> success (60s)
[125/372] ed6f2999da65026f sweep shape:arch step 2 fk_oracle -> success (60s)
[126/372] 919915bb81a67e34 sweep shape:arch step 2 fk_oracle -> success (60s)
[127/372] ee62efe3ceccedfa sweep shape:arch step 2 fk_oracle -> success (60s)
[128/372] 3ae58121b988b154 sweep shape:arch step 2 fk_oracle -> success (60s)
[129/372] 9a7b2737a7842175 sweep shape:arch step 2 fk_oracle -> success (60s)
[130/372] 1ab0b54c8e85c0ce sweep shape:arch step 2 fk_oracle -> success (60s)
[131/372] ffca7f3d946213a0 sweep shape:arch step 2 fk_oracle -> success (60s)
[132/372] db38d80c877a8acd sweep shape:arch step 2 fk_oracle -> success (60s)
[133/372] 073cb1db08a8d3e1 sweep shape:arch step 2 fk_oracle -> success (60s)
[134/372] 86735b6117ff494b sweep shape:arch step 2 fk_oracle -> success (60s)
[135/372] d4cf353e651a9eca sweep shape:arch step 3 fk_oracle -> success (59s)
[136/372] 7290efa104a11533 sweep shape:arch step 3 fk_oracle -> success (59s)
[137/372] 827557f52b91c815 sweep shape:arch step 3 fk_oracle -> success (55s)
[138/372] 4f2549389d490468 sweep shape:arch step 3 fk_oracle -> success (52s)
[139/372] 6e78ab535977f4c3 sweep shape:arch step 3 fk_oracle -> success (48s)
[140/372] 5da234002deed18c sweep shape:arch step 3 fk_oracle -> success (46s)
[141/372] e6abf1b0066d38c2 sweep shape:arch step 3 fk_oracle -> success (46s)
[142/372] d3a8634294b28182 sweep shape:arch step 3 fk_oracle -> success (46s)
[143/372] 6201226a3838164a sweep shape:arch step 3 fk_oracle -> success (46s)
[144/372] 1c307109019abbab sweep shape:arch step 3 fk_oracle -> success (46s)
[145/372] fe0ea2c5021df4e8 sweep shape:arch step 3 fk_oracle -> success (46s)
[146/372] 4ba9e0b87c445ccd sweep shape:arch step 3 fk_oracle -> success (46s)
[147/372] 40ac8ca4d4a3c69e sweep shape:arch step 4 fk_oracle -> success (45s)
[148/372] 048ef92d93aac484 sweep shape:arch step 4 fk_oracle -> success (46s)
[149/372] a304219a61aa78ae sweep shape:arch step 4 fk_oracle -> success (45s)
[150/372] fee464b9b16a42c8 sweep shape:arch step 4 fk_oracle -> success (45s)
[151/372] 547a31c757be25c4 sweep shape:arch step 4 fk_oracle -> success (46s)
[152/372] 0180ffc47acc6d37 sweep shape:arch step 4 fk_oracle -> success (45s)
[153/372] fec23c7c68273623 sweep shape:arch step 4 fk_oracle -> success (45s)
[154/372] a2e90f357dfadbfe sweep shape:arch step 4 fk_oracle -> success (45s)
[155/372] 11f4444a266398cf sweep shape:arch step 4 fk_oracle -> success (45s)
[156/372] 62dc8b004b6de2a4 sweep shape:arch step 4 fk_oracle -> success (46s)
[157/372] 86403885750ffcbd sweep shape:arch step 4 fk_oracle -> success (46s)
[158/372] 72c9ef32e7c846e7 sweep shape:arch step 4 fk_oracle -> success (45s)
[159/372] b4fac977d35cb094 sweep shape:arch step 5 fk_oracle -> success (46s)
[160/372] 91fe993ee0d3ee51 sweep shape:arch step 5 fk_oracle -> success (50s)
[161/372] 2c5f06e898929578 sweep shape:arch step 5 fk_oracle -> success (55s)
[162/372] c37d86b87ed4cf04 sweep shape:arch step 5 fk_oracle -> success (58s)
[163/372] 95de0618f501ae08 sweep shape:arch step 5 fk_oracle -> success (60s)
[164/372] 0dad8aad3ecbb825 sweep shape:arch step 5 fk_oracle -> success (60s)
[165/372] a4c3e17af59e6e64 sweep shape:arch step 5 fk_oracle -> success (60s)
[166/372] 6704e516a744cdb9 sweep shape:arch step 5 fk_oracle -> success (60s)
[167/372] b1ffd2d39bf21005 sweep shape:arch step 5 fk_oracle -> success (60s)
[168/372] f4cb65e56008c17f sweep shape:arch step 5 fk_oracle -> success (60s)
[169/372] 9a086b55163794e9 sweep shape:arch step 5 fk_oracle -> success (59s)
[170/372] 768d4068ee6c3c49 sweep shape:arch step 5 fk_oracle -> success (60s)
[171/372] 60e31093947fec27 sweep shape:arch step 6 fk_oracle -> success (59s)
[172/372] 645ab4282fdad0c6 sweep shape:arch step 6 fk_oracle -> success (58s)
[173/372] be4398dcf5add797 sweep shape:arch step 6 fk_oracle -> success (58s)
[174/372] e261e16919b0f611 sweep shape:arch step 6 fk_oracle -> success (58s)
[175/372] be549ed87b0ca10c sweep shape:arch step 6 fk_oracle -> success (58s)
[176/372] cd11c0041dd35ee1 sweep shape:arch step 6 fk_oracle -> success (58s)
[177/372] 3db672201c72ac4e sweep shape:arch step 6 fk_oracle -> success (58s)
[178/372] 57b61acecdfc4612 sweep shape:arch step 6 fk_oracle -> success (58s)
[179/372] 1ba5dfdda86cfb55 sweep shape:arch step 6 fk_oracle -> success (58s)
[180/372] be9a83bc9a5af771 sweep shape:arch step 6 fk_oracle -> success (58s)
[181/372] 14297fd4f10bd1c8 sweep shape:arch step 6 fk_oracle -> success (56s)
[182/372] ed127dba2bc2f31c sweep shape:arch step 6 fk_oracle -> success (55s)
[183/372] 736d301a4ab3ca9b sweep shape:arch step 7 fk_oracle -> success (57s)
[184/372] ff12c064a63f4bc4 sweep shape:arch step 7 fk_oracle -> success (58s)
[185/372] 649c827546da8270 sweep shape:arch step 7 fk_oracle -> success (59s)
[186/372] d1aebbd228ce640f sweep shape:arch step 7 fk_oracle -> success (59s)
[187/372] 8a036f7cb0946f7c sweep shape:arch step 7 fk_oracle -> success (59s)
[188/372] f706d5d899ec936f sweep shape:arch step 7 fk_oracle -> success (60s)
[189/372] 127ce2d06989c915 sweep shape:arch step 7 fk_oracle -> success (59s)
[190/372] daad027a6560921a sweep shape:arch step 7 fk_oracle -> success (59s)
[191/372] 6d1d54a7251e93ee sweep shape:arch step 7 fk_oracle -> success (59s)
[192/372] 138c53d7fe7f4525 sweep shape:arch step 7 fk_oracle -> success (59s)
[193/372] dc00039e7726aeda sweep shape:arch step 7 fk_oracle -> success (59s)
[194/372] d8e128456c6716c1 sweep shape:arch step 7 fk_oracle -> success (59s)
[195/372] 2371c3a80a53fd62 sweep shape:arch step 8 fk_oracle -> success (50s)
[196/372] 9f868af64dcbb7d0 sweep shape:arch step 8 fk_oracle -> success (50s)
[197/372] 77712ed1a242f896 sweep shape:arch step 8 fk_oracle -> success (50s)
[198/372] 6aa1f399b441618b sweep shape:arch step 8 fk_oracle -> success (50s)
[199/372] abffbc2065da232b sweep shape:arch step 8 fk_oracle -> success (51s)
[200/372] 15a53ccb2eafda12 sweep shape:arch step 8 fk_oracle -> success (50s)
[201/372] fc0ce49e6dceaf71 sweep shape:arch step 8 fk_oracle -> success (49s)
[202/372] d36ad371e6cbfd33 sweep shape:arch step 8 fk_oracle -> success (50s)
[203/372] 35fe44fd3a6ed3b9 sweep shape:arch step 8 fk_oracle -> success (51s)
[204/372] 2a48e085aae5ff4f sweep shape:arch step 8 fk_oracle -> success (50s)
[205/372] 0fa83c13f767c39d sweep shape:arch step 8 fk_oracle -> success (50s)
[206/372] b2468922a69331ea sweep shape:arch step 8 fk_oracle -> success (51s)
[207/372] 155683d87f32a737 sweep shape:arch step 9 fk_oracle -> success (50s)
[208/372] ec14343e11f4dbe8 sweep shape:arch step 9 fk_oracle -> success (49s)
[209/372] 6bb9f967752f577e sweep shape:arch step 9 fk_oracle -> success (49s)
[210/372] 3475afc350e53d94 sweep shape:arch step 9 fk_oracle -> success (49s)
[211/372] f77a69970ea00b35 sweep shape:arch step 9 fk_oracle -> success (50s)
[212/372] 207b819287a2d532 sweep shape:arch step 9 fk_oracle -> success (49s)
[213/372] 8360b47264ebeeaf sweep shape:arch step 9 fk_oracle -> success (49s)
[214/372] ed100cfcc4e6db91 sweep shape:arch step 9 fk_oracle -> success (50s)
[215/372] 705ba3317b95ed0d sweep shape:arch step 9 fk_oracle -> success (50s)
[216/372] 0769dfcb2b072148 sweep shape:arch step 9 fk_oracle -> success (50s)
[217/372] f3e631a122cd23f6 sweep shape:arch step 9 fk_oracle -> success (50s)
[218/372] 4c28ed98e53afa3e sweep shape:arch step 9 fk_oracle -> success (51s)
[219/372] 68a23011173fc26e sweep shape:hollow step 0 fk_oracle -> success (51s)
[220/372] 867e77e554802801 sweep shape:hollow step 0 fk_oracle -> success (51s)
[221/372] 1d568c4e9ecd07e9 sweep shape:hollow step 0 fk_oracle -> success (49s)
[222/372] 7b743e3db83521be sweep shape:hollow step 0 fk_oracle -> success (45s)
[223/372] 1b3e9f275d449c0b sweep shape:hollow step 0 fk_oracle -> success (42s)
[224/372] e4161f072bf9f465 sweep shape:hollow step 0 fk_oracle -> success (38s)
[225/372] 97634e744255259b sweep shape:hollow step 0 fk_oracle -> success (36s)
[226/372] 6440a79aa37364ba sweep shape:hollow step 0 fk_oracle -> success (42s)
[227/372] df543bde69845aba sweep shape:hollow step 0 fk_oracle -> success (45s)
[228/372] 501d671233542d4b sweep shape:hollow step 0 fk_oracle -> success (48s)
[229/372] beb806fa0afd338e sweep shape:hollow step 0 fk_oracle -> success (49s)
[230/372] 22b2fd1ae20e40fa sweep shape:hollow step 1 fk_oracle -> success (44s)
[231/372] 86ba8d9c83b67378 sweep shape:hollow step 1 fk_oracle -> success (42s)
[232/372] b204f3a4e763b39d sweep shape:hollow step 1 fk_oracle -> success (39s)
[233/372] 43b471b830c0899d sweep shape:hollow step 1 fk_oracle -> fail:gate_miss (37s)
[234/372] 5e081274cf3db3a8 sweep shape:hollow step 1 fk_oracle -> fail:gate_miss (38s)
[235/372] 5075bc68852f1930 sweep shape:hollow step 1 fk_oracle -> fail:gate_miss (39s)
[236/372] 8b77e05cb2995f7c sweep shape:hollow step 1 fk_oracle -> success (38s)
[237/372] a670213e72a48f87 sweep shape:hollow step 1 fk_oracle -> success (36s)
[238/372] 21bf8d81b550641b sweep shape:hollow step 1 fk_oracle -> success (40s)
[239/372] b575eef4f1b60794 sweep shape:hollow step 1 fk_oracle -> success (45s)
[240/372] 230b4fce62f3e7c1 sweep shape:hollow step 1 fk_oracle -> success (48s)
[241/372] 86c9395fd862a11d sweep shape:hollow step 1 fk_oracle -> success (49s)
[242/372] 4cb26159b70beda7 sweep shape:hollow step 2 fk_oracle -> success (44s)
[243/372] 685573912ced4e3a sweep shape:hollow step 2 fk_oracle -> success (41s)
[244/372] efae887647325594 sweep shape:hollow step 2 fk_oracle -> success (39s)
[245/372] 9435f8040a7484ad sweep shape:hollow step 2 fk_oracle -> fail:gate_miss (44s)
[246/372] f82bd48b62812e1a sweep shape:hollow step 2 fk_oracle -> fail:gate_miss (45s)
[247/372] 9bcd1ed00a1b5865 sweep shape:hollow step 2 fk_oracle -> success (40s)
[248/372] 41659f7b75a31ca1 sweep shape:hollow step 2 fk_oracle -> fail:gate_miss (46s)
[249/372] 3ee39b43aa7636fc sweep shape:hollow step 2 fk_oracle -> success (34s)
[250/372] 6ab81f13b32d25ad sweep shape:hollow step 2 fk_oracle -> success (35s)
[251/372] 17d279148785d635 sweep shape:hollow step 2 fk_oracle -> success (39s)
[252/372] 0e960b6c19d5021b sweep shape:hollow step 2 fk_oracle -> success (39s)
[253/372] 78c599d765a4f8c5 sweep shape:hollow step 2 fk_oracle -> success (36s)
[254/372] ac0c198c31a23948 sweep shape:hollow step 3 fk_oracle -> success (34s)
[255/372] 9d9e261a15f7ee11 sweep shape:hollow step 3 fk_oracle -> success (39s)
[256/372] ea1c9d857040acd1 sweep shape:hollow step 3 fk_oracle -> success (40s)
[257/372] ac196350504afacf sweep shape:hollow step 3 fk_oracle -> success (38s)
[258/372] 296104969e8b80a1 sweep shape:hollow step 3 fk_oracle -> success (33s)
[259/372] f1bdc4417c906193 sweep shape:hollow step 3 fk_oracle -> success (39s)
[260/372] cb57cf02d68065bc sweep shape:hollow step 3 fk_oracle -> fail:gate_miss (40s)
[261/372] 97cd6a5a385fe361 sweep shape:hollow step 3 fk_oracle -> fail:gate_miss (45s)
[262/372] f9f6d1167f622526 sweep shape:hollow step 3 fk_oracle -> fail:gate_miss (46s)
[263/372] c6d04371346761d6 sweep shape:hollow step 3 fk_oracle -> success (38s)
[264/372] ba8a903086f6e541 sweep shape:hollow step 3 fk_oracle -> success (40s)
[265/372] e0daf61517dcafc7 sweep shape:hollow step 3 fk_oracle -> success (37s)
[266/372] 7da6cfdeb46ee090 sweep shape:hollow step 4 fk_oracle -> success (34s)
[267/372] 8bf405d63ec3c60f sweep shape:hollow step 4 fk_oracle -> success (37s)
[268/372] dc67a0c112922983 sweep shape:hollow step 4 fk_oracle -> success (40s)
[269/372] 1adc6bd21543645c sweep shape:hollow step 4 fk_oracle -> success (42s)
[270/372] 8c6cfc46bbbdc90f sweep shape:hollow step 4 fk_oracle -> success (43s)
[271/372] 0ce552adf794e2dc sweep shape:hollow step 4 fk_oracle -> success (49s)
[272/372] b084327f99d38469 sweep shape:hollow step 4 fk_oracle -> success (49s)
[273/372] 0f91148b256d62a0 sweep shape:hollow step 4 fk_oracle -> success (49s)
[274/372] 560a06799e8d2a1c sweep shape:hollow step 4 fk_oracle -> success (50s)
[275/372] fa4912741ac78525 sweep shape:hollow step 4 fk_oracle -> success (49s)
[276/372] 1594a0b973c2dd7f sweep shape:hollow step 4 fk_oracle -> success (49s)
[277/372] e9e94eb0d45e686c sweep shape:hollow step 4 fk_oracle -> success (49s)
[278/372] 0855a90eefb10038 sweep shape:hollow step 5 fk_oracle -> success (49s)
[279/372] 74ecbf3ce4ebfc18 sweep shape:hollow step 5 fk_oracle -> success (49s)
[280/372] ea8603fb97b5504f sweep shape:hollow step 5 fk_oracle -> success (50s)
[281/372] b85dbb4fa4ab006d sweep shape:hollow step 5 fk_oracle -> fail:gate_miss (52s)
[282/372] cc0fd3db4f40f01d sweep shape:hollow step 5 fk_oracle -> fail:gate_miss (52s)
[283/372] 4671937c4db367d6 sweep shape:hollow step 5 fk_oracle -> fail:gate_miss (51s)
[284/372] 2b11952d2141852e sweep shape:hollow step 5 fk_oracle -> success (50s)
[285/372] 6e913fe1a429377e sweep shape:hollow step 5 fk_oracle -> success (49s)
[286/372] 24aea28781d8caac sweep shape:hollow step 5 fk_oracle -> success (50s)
[287/372] 0bfeff88bb4069ee sweep shape:hollow step 5 fk_oracle -> success (49s)
[288/372] 31123b579e93e719 sweep shape:hollow step 5 fk_oracle -> success (50s)
[289/372] 7be1ff4d981bfe4e sweep shape:hollow step 5 fk_oracle -> success (50s)
[290/372] 674b2670784961c1 sweep shape:hollow step 6 fk_oracle -> success (49s)
[291/372] 4135de7a07ff2f48 sweep shape:hollow step 6 fk_oracle -> success (49s)
[292/372] cc0cac754a909ad7 sweep shape:hollow step 6 fk_oracle -> success (49s)
[293/372] 7662a73dee2dacdc sweep shape:hollow step 6 fk_oracle -> success (49s)
[294/372] d776d116c2284c68 sweep shape:hollow step 6 fk_oracle -> success (49s)
[295/372] a0755b66ba545193 sweep shape:hollow step 6 fk_oracle -> success (49s)
[296/372] 6327b0596fa64cae sweep shape:hollow step 6 fk_oracle -> success (49s)
[297/372] 9bf9b9d56ae36c2e sweep shape:hollow step 6 fk_oracle -> success (49s)
[298/372] 37bcb8f1ae2b0e48 sweep shape:hollow step 6 fk_oracle -> success (49s)
[299/372] 716aa01e4994b295 sweep shape:hollow step 6 fk_oracle -> fail:gate_miss (62s)
[300/372] 286f37b988a7442e sweep shape:hollow step 6 fk_oracle -> fail:gate_miss (62s)
[301/372] 55858203e74e72d5 sweep shape:hollow step 6 fk_oracle -> fail:gate_miss (62s)
[302/372] 091594996166c6b7 sweep shape:hollow step 7 fk_oracle -> fail:gate_miss (64s)
[303/372] 6c67e0a12dc0914f sweep shape:hollow step 7 fk_oracle -> fail:gate_miss (62s)
[304/372] 70235e04a72f8da7 sweep shape:hollow step 7 fk_oracle -> fail:gate_miss (62s)
[305/372] a32879c06ed400a0 sweep shape:hollow step 7 fk_oracle -> fail:gate_miss (63s)
[306/372] 6b627c6ecfb2fc46 sweep shape:hollow step 7 fk_oracle -> fail:gate_miss (62s)
[307/372] 2c952013e52d4a11 sweep shape:hollow step 7 fk_oracle -> fail:gate_miss (58s)
[308/372] 8f9ed48855136383 sweep shape:hollow step 7 fk_oracle -> success (56s)
[309/372] f235a1d7bc961784 sweep shape:hollow step 7 fk_oracle -> success (56s)
[310/372] 4b14ba4919352744 sweep shape:hollow step 7 fk_oracle -> success (58s)
[311/372] fae399f2645a9739 sweep shape:hollow step 7 fk_oracle -> success (59s)
[312/372] f23ecb180f10b0aa sweep shape:hollow step 7 fk_oracle -> success (60s)
[313/372] e59a4f6b524c1583 sweep shape:hollow step 7 fk_oracle -> success (59s)
[314/372] 665df07c48d17afd sweep shape:hollow step 8 fk_oracle -> success (50s)
[315/372] efe7867a7e8d856c sweep shape:hollow step 8 fk_oracle -> success (48s)
[316/372] 1aac1e238a8fe634 sweep shape:hollow step 8 fk_oracle -> success (48s)
[317/372] 5743102e8f1b54a9 sweep shape:hollow step 8 fk_oracle -> success (50s)
[318/372] 3aee080227a11c6c sweep shape:hollow step 8 fk_oracle -> success (50s)
[319/372] 1b540116fc9c48c0 sweep shape:hollow step 8 fk_oracle -> success (48s)
[320/372] 552c3075c8bf8c68 sweep shape:hollow step 8 fk_oracle -> success (48s)
[321/372] d24491e27debb5ad sweep shape:hollow step 8 fk_oracle -> success (50s)
[322/372] 271ce5efef52b25d sweep shape:hollow step 8 fk_oracle -> success (50s)
[323/372] 5d1a309aac293e1d sweep shape:hollow step 8 fk_oracle -> success (48s)
[324/372] 65258184527880b4 sweep shape:hollow step 8 fk_oracle -> success (48s)
[325/372] 0f362c59fc6c2b65 sweep shape:hollow step 8 fk_oracle -> success (50s)
[326/372] f0f5563d507e3ff0 sweep shape:hollow step 9 fk_oracle -> success (50s)
[327/372] 74f21c057ce0928b sweep shape:hollow step 9 fk_oracle -> success (47s)
[328/372] 52bf440552e33cd6 sweep shape:hollow step 9 fk_oracle -> success (47s)
[329/372] 6c49d62492358e10 sweep shape:hollow step 9 fk_oracle -> fail:gate_miss (53s)
[330/372] 73c9adef2dee01bb sweep shape:hollow step 9 fk_oracle -> fail:gate_miss (53s)
[331/372] 7c6fea4ec4200e6c sweep shape:hollow step 9 fk_oracle -> fail:gate_miss (45s)
[332/372] c9ec550700cbecb6 sweep shape:hollow step 9 fk_oracle -> success (45s)
[333/372] 7b8e96576e7137d1 sweep shape:hollow step 9 fk_oracle -> success (50s)
[334/372] 78324c3d60ec3ba4 sweep shape:hollow step 9 fk_oracle -> success (50s)
[335/372] 4152c8d07f675cd5 sweep shape:hollow step 9 fk_oracle -> success (47s)
[336/372] db5f83652739fe98 sweep shape:hollow step 9 fk_oracle -> success (47s)
[337/372] 7a91071b3b710aa1 sweep shape:hollow step 9 fk_oracle -> success (50s)
[338/372] 1b7c2bc1ab2d7532 sweep shape:hollow step 10 fk_oracle -> success (50s)
[339/372] 3e8c4ba34a5dae13 sweep shape:hollow step 10 fk_oracle -> success (48s)
[340/372] 5ffa130af1d1e753 sweep shape:hollow step 10 fk_oracle -> success (47s)
[341/372] 3392f2cef20f55ad sweep shape:hollow step 10 fk_oracle -> fail:gate_miss (63s)
[342/372] e27ec0d068af0d0f sweep shape:hollow step 10 fk_oracle -> fail:gate_miss (63s)
[343/372] 5b382df4e0554128 sweep shape:hollow step 10 fk_oracle -> success (53s)
[344/372] 61293feab30b4164 sweep shape:hollow step 10 fk_oracle -> fail:gate_miss (61s)
[345/372] f7116167fdfc5392 sweep shape:hollow step 10 fk_oracle -> success (50s)
[346/372] f6ca7b266fc6ea0f sweep shape:hollow step 10 fk_oracle -> success (50s)
[347/372] 8facfba367cae1ed sweep shape:hollow step 10 fk_oracle -> success (51s)
[348/372] f8b64fd5c4f44cb5 sweep shape:hollow step 10 fk_oracle -> success (50s)
[349/372] 93859bcca073ad66 sweep shape:hollow step 10 fk_oracle -> success (48s)
[350/372] 3b0cd4cdca90f0c8 sweep shape:hollow step 11 fk_oracle -> success (57s)
[351/372] a4d5840b00029859 sweep shape:hollow step 11 fk_oracle -> success (61s)
[352/372] e4d010eb4556133b sweep shape:hollow step 11 fk_oracle -> success (61s)
[353/372] e8418a26b54846a8 sweep shape:hollow step 11 fk_oracle -> success (55s)
[354/372] 85d21d204711a050 sweep shape:hollow step 11 fk_oracle -> success (56s)
[355/372] c40c9dcd12cba0bb sweep shape:hollow step 11 fk_oracle -> success (59s)
[356/372] 1367f08d374da0ce sweep shape:hollow step 11 fk_oracle -> fail:gate_miss (62s)
[357/372] 7f09a2252d09d180 sweep shape:hollow step 11 fk_oracle -> fail:gate_miss (62s)
[358/372] b0667619e2fd4f12 sweep shape:hollow step 11 fk_oracle -> fail:gate_miss (70s)
[359/372] c27afc56303f4f80 sweep shape:hollow step 11 fk_oracle -> success (62s)
[360/372] f15858490baa120b sweep shape:hollow step 11 fk_oracle -> success (62s)
[361/372] 9f78fe9da072ae5d sweep shape:hollow step 11 fk_oracle -> success (59s)
[362/372] a66a1567965aa975 sweep structure:S3 step 7 fk_oracle -> success (77s)
[363/372] 7edfbb5ad8cab2a1 sweep structure:S3 step 7 fk_oracle -> success (79s)
[364/372] ecb6daa7a1a5ea2c sweep structure:S3 step 7 fk_oracle -> success (79s)
[365/372] 72da834eda64a25f sweep structure:S3 step 7 fk_oracle -> success (77s)
[366/372] 7adb83eb2d66c88f sweep structure:S3 step 7 fk_oracle -> success (72s)
[367/372] d589a09dc032495d sweep structure:S3 step 7 fk_oracle -> success (74s)
[368/372] ddd7cb448057dab4 sweep structure:S3 step 7 fk_oracle -> success (74s)
[369/372] ee78bd6ce3a41659 sweep structure:S3 step 7 fk_oracle -> success (70s)
[370/372] 635849671fbffc01 sweep structure:S3 step 7 fk_oracle -> success (70s)
[371/372] fd35fb7bb5c13916 sweep structure:S3 step 7 fk_oracle -> success (69s)
[372/372] 25431463a2dbbc18 sweep structure:S3 step 7 fk_oracle -> success (67s)
sweep: {'unique': 372, 'to_run': 372, 'ran': 372, 'errors': 0, 'wall_s': 4415.5} | merge {'entries': 372, 'with_record': 372, 'lost': 0, 'missing': 0, 'unique_ids': 372}
