Warp 1.13.0 initialized:
   CUDA Toolkit 12.9, Driver 13.2
   Devices:
     "cpu"      : "x86_64"
     "cuda:0"   : "NVIDIA GeForce RTX 5090 D" (31 GiB, sm_120, mempool enabled)
   Kernel cache:
     /home/bakasakib/.cache/warp/1.13.0
Module newton._src.geometry.inertia a7ff42e load on device 'cuda:0' took 0.75 ms  (cached)
Module newton._src.utils.mesh 1476c2a load on device 'cpu' took 0.86 ms  (cached)
brace grip: 14.3 N per finger, finger material mu 1.000
k=8  ......PPPP  ......PPPP
k=7  ......OOOO  ......OOOO
k=6  ...MMMM.NN  ...MMMM.NN
k=5  KKKKKK..LL  KKKKKK..LL
k=4  IIII....JJ  IIII....JJ
k=3  GG......HH  GG......HH
k=2  EE......FF  EE......FF
k=1  CC......DD  CC......DD
k=0  AA......BB  AA......BB
plan -> plans/sim_S3_weakest_joint.json
Module validate_and_correct_inertia_kernel_524fb5ef 524fb5e load on device 'cuda:0' took 0.36 ms  (cached)
Module newton._src.sim.ik.ik_solver d9f8ff8 load on device 'cuda:0' took 0.74 ms  (cached)
Module IKOptimizerLM___build_specialized__locals___fk_local_a9d6f4f5 a9d6f4f load on device 'cuda:0' took 0.71 ms  (cached)
Module newton._src.sim.ik.ik_common ec7ac17 load on device 'cuda:0' took 1.17 ms  (cached)
Module newton._src.sim.ik.ik_objectives 2ab3ea8 load on device 'cuda:0' took 0.90 ms  (cached)
Module IKOptimizerLM___build_specialized__locals___compute_motion_subspace_2d_28061874 2806187 load on device 'cuda:0' took 2.21 ms  (cached)
Module _lm_solve_tiled_9_15_71b73c32 641c3f9 load on device 'cuda:0' took 106.11 ms  (cached)
Module newton._src.sim.ik.ik_lm_optimizer d941fd7 load on device 'cuda:0' took 0.83 ms  (cached)
Module newton._src.geometry.sdf_utils 30505d5 load on device 'cuda:0' took 1.35 ms  (cached)
Module newton._src.geometry.sdf_texture ba97079 load on device 'cuda:0' took 3.88 ms  (cached)
Module newton._src.sim.graph_coloring 95273ab load on device 'cpu' took 0.21 ms  (cached)
Module newton._src.solvers.mujoco.kernels f5ae6c7 load on device 'cuda:0' took 4.79 ms  (cached)
Module mujoco_warp._src.io 00dd7e1 load on device 'cuda:0' took 1.87 ms  (cached)
Module mujoco_warp._src.smooth 976a5d7 load on device 'cuda:0' took 2.02 ms  (cached)
Module _solve_LD_sparse_fused__locals__kernel_7e49368b 290ea73 load on device 'cuda:0' took 0.31 ms  (cached)
Module newton._src.sim.articulation 9875313 load on device 'cuda:0' took 2.63 ms  (cached)
Module newton._src.viewer.kernels 6eaf52b load on device 'cuda:0' took 1.25 ms  (cached)
Module newton._src.sim.collide 0e6be4c load on device 'cuda:0' took 0.36 ms  (cached)
Module newton._src.geometry.broad_phase_sap 7baa1de load on device 'cuda:0' took 0.36 ms  (cached)
Module narrow_phase_primitive_write_contact e070310 load on device 'cuda:0' took 0.48 ms  (cached)
Module narrow_phase_gjk_mpr_True_write_contact_default_default 00fbe52 load on device 'cuda:0' took 1.83 ms  (cached)
Module newton._src.geometry.narrow_phase f722f21 load on device 'cuda:0' took 0.68 ms  (cached)
Module newton._src.geometry.contact_reduction_global 5c84d97 load on device 'cuda:0' took 0.33 ms  (cached)
Module newton._src.geometry.narrow_phase e577950 load on device 'cuda:0' took 0.51 ms  (cached)
Module newton._src.geometry.sdf_contact 1cfb221 load on device 'cuda:0' took 0.29 ms  (cached)
Module narrow_phase_mesh_plane_write_contact_to_reducer_True 0316777 load on device 'cuda:0' took 0.27 ms  (cached)
Module mesh_triangle_contacts_to_reducer_kernel_98f62989 13e0243 load on device 'cuda:0' took 1.06 ms  (cached)
Module newton._src.geometry.contact_reduction_global 5db63a2 load on device 'cuda:0' took 0.32 ms  (cached)
Module sdf_contact_write_contact_to_reducer_False_True e0d3f15 load on device 'cuda:0' took 0.58 ms  (cached)
Module export_reduced_contacts_write_contact c5c25a3 load on device 'cuda:0' took 0.28 ms  (cached)
Module mujoco_warp._src.constraint eb0e24d load on device 'cuda:0' took 1.12 ms  (cached)
Module _efc_contact_init__locals__kernel_c7a6ce3a c7a6ce3 load on device 'cuda:0' took 0.28 ms  (cached)
Module _efc_contact_jac_sparse__locals__kernel_7bafc28b 7bafc28 load on device 'cuda:0' took 0.26 ms  (cached)
Module _efc_contact_update__locals__kernel_b43fbfe7 b43fbfe load on device 'cuda:0' took 0.29 ms  (cached)
Module mujoco_warp._src.forward a76b6a3 load on device 'cuda:0' took 0.92 ms  (cached)
Module mujoco_warp._src.passive 616927b load on device 'cuda:0' took 0.55 ms  (cached)
Module mujoco_warp._src.forward 398750d load on device 'cuda:0' took 1.05 ms  (cached)
Module mujoco_warp._src.support f32a4f8 load on device 'cuda:0' took 0.26 ms  (cached)
Module mujoco_warp._src.solver 7df28c9 load on device 'cuda:0' took 1.22 ms  (cached)
Module solve_init_jaref__locals__kernel_83b996d5 83b996d load on device 'cuda:0' took 0.29 ms  (cached)
Module mul_m_sparse__locals___mul_m_sparse_32fa3590 32fa359 load on device 'cuda:0' took 0.34 ms  (cached)
Module update_constraint_efc__locals__kernel_6bfb2757 6bfb275 load on device 'cuda:0' took 0.26 ms  (cached)
Module update_constraint_gauss_cost__locals__kernel_73368172 7336817 load on device 'cuda:0' took 0.28 ms  (cached)
Module update_gradient_cholesky_blocked__locals__kernel_8e3dff9e 48ead09 load on device 'cuda:0' took 123.76 ms  (cached)
Module linesearch_jv_fused__locals__kernel_db87cbc7 db87cbc load on device 'cuda:0' took 0.38 ms  (cached)
Module linesearch_iterative__locals__kernel_6131c716 3698647 load on device 'cuda:0' took 0.47 ms  (cached)
Module mujoco_warp._src.sensor bee2d80 load on device 'cuda:0' took 1.43 ms  (cached)
Module mujoco_warp._src.derivative f06cf21 load on device 'cuda:0' took 0.56 ms  (cached)
S3: 16 bricks, 3 braced (weakest_joint), 17 clutch welds
  step 0 b_000 SNAP  {'brick': 'b_000', 'lateral_mm': 0.22, 'dz_mm': -0.35, 'yaw_deg': 0.02, 'tilt_deg': 0.1}
  step 1 b_001 MISS  {'brick': 'b_001', 'lateral_mm': 206.86, 'dz_mm': 4.74, 'yaw_deg': 15.52, 'tilt_deg': 90.06}
  step 2 b_002 SNAP  {'brick': 'b_002', 'lateral_mm': 0.2, 'dz_mm': -0.34, 'yaw_deg': 0.0, 'tilt_deg': 0.2}
  step 3 b_003 SNAP  {'brick': 'b_003', 'lateral_mm': 0.24, 'dz_mm': -0.36, 'yaw_deg': 0.01, 'tilt_deg': 0.08}
Traceback (most recent call last):
  File "/home/bakasakib/Documents/ISDN_Robofab/brickassembly/dual_arm_sim.py", line 1203, in <module>
    newton.examples.run(example, args)
  File "/home/bakasakib/Codes/CAIRSS/Issac/lib/python3.12/site-packages/newton/examples/__init__.py", line 321, in run
    example.step()
  File "/home/bakasakib/Documents/ISDN_Robofab/brickassembly/dual_arm_sim.py", line 944, in step
    raise RuntimeError("simulation diverged at t=%.2f s (step %s, B %s, A %s)"
RuntimeError: simulation diverged at t=37.35 s (step 3, B insert, A park)
