--- attempt 1
Warp 1.13.0 initialized:
   CUDA Toolkit 12.9, Driver 13.2
   Devices:
     "cpu"      : "x86_64"
     "cuda:0"   : "NVIDIA GeForce RTX 5090 D" (31 GiB, sm_120, mempool enabled)
   Kernel cache:
     /home/bakasakib/.cache/warp/1.13.0
preflight: hollow_box  6 x 6 studs x 3 layers, 12 bricks {'1x4': 6, '1x6': 6}, feeder slots 12 of 24
k=2  IIIIII  J....K  J....K  J....K  J....K  LLLLLL
k=1  EFFFFG  E....G  E....G  E....G  E....G  EHHHHG
k=0  AAAAAA  B....C  B....C  B....C  B....C  DDDDDD
Module newton._src.geometry.inertia a7ff42e load on device 'cuda:0' took 4.59 ms  (cached)
Module newton._src.utils.mesh 1476c2a load on device 'cpu' took 0.87 ms  (cached)
brace grip: 14.3 N per finger, finger material mu 1.000
plan <- results/v4/vision/v1_acc/plans/shape_hollow_box.json
Module validate_and_correct_inertia_kernel_524fb5ef 524fb5e load on device 'cuda:0' took 3.61 ms  (cached)
Module newton._src.sim.ik.ik_solver d9f8ff8 load on device 'cuda:0' took 1.45 ms  (cached)
Module IKOptimizerLM___build_specialized__locals___fk_local_a9d6f4f5 a9d6f4f load on device 'cuda:0' took 3.44 ms  (cached)
Module newton._src.sim.ik.ik_common ec7ac17 load on device 'cuda:0' took 2.85 ms  (cached)
Module newton._src.sim.ik.ik_objectives 2ab3ea8 load on device 'cuda:0' took 1.84 ms  (cached)
Module IKOptimizerLM___build_specialized__locals___compute_motion_subspace_2d_28061874 2806187 load on device 'cuda:0' took 5.82 ms  (cached)
Module _lm_solve_tiled_9_15_71b73c32 641c3f9 load on device 'cuda:0' took 139.51 ms  (cached)
Module newton._src.sim.ik.ik_lm_optimizer d941fd7 load on device 'cuda:0' took 3.29 ms  (cached)
Module newton._src.geometry.sdf_utils 30505d5 load on device 'cuda:0' took 2.79 ms  (cached)
Module newton._src.geometry.sdf_texture ba97079 load on device 'cuda:0' took 5.54 ms  (cached)
Module newton._src.sim.graph_coloring 95273ab load on device 'cpu' took 0.20 ms  (cached)
Module newton._src.solvers.mujoco.kernels f5ae6c7 load on device 'cuda:0' took 5.28 ms  (cached)
Module mujoco_warp._src.io 00dd7e1 load on device 'cuda:0' took 2.26 ms  (cached)
Module mujoco_warp._src.smooth 976a5d7 load on device 'cuda:0' took 4.94 ms  (cached)
Module _solve_LD_sparse_fused__locals__kernel_377b11bf f59036c load on device 'cuda:0' took 2.73 ms  (cached)
Module newton._src.sim.articulation 9875313 load on device 'cuda:0' took 6.34 ms  (cached)
Module newton._src.viewer.kernels 6eaf52b load on device 'cuda:0' took 1.27 ms  (cached)
Module newton._src.sim.collide 0e6be4c load on device 'cuda:0' took 2.18 ms  (cached)
Module newton._src.geometry.broad_phase_sap 7baa1de load on device 'cuda:0' took 3.86 ms  (cached)
Module narrow_phase_primitive_write_contact e070310 load on device 'cuda:0' took 1.36 ms  (cached)
Module narrow_phase_gjk_mpr_True_write_contact_default_default 00fbe52 load on device 'cuda:0' took 4.69 ms  (cached)
Module newton._src.geometry.narrow_phase f722f21 load on device 'cuda:0' took 1.40 ms  (cached)
Module newton._src.geometry.contact_reduction_global 5c84d97 load on device 'cuda:0' took 2.53 ms  (cached)
Module newton._src.geometry.narrow_phase e577950 load on device 'cuda:0' took 0.80 ms  (cached)
Module newton._src.geometry.sdf_contact 1cfb221 load on device 'cuda:0' took 4.01 ms  (cached)
Module narrow_phase_mesh_plane_write_contact_to_reducer_True 0316777 load on device 'cuda:0' took 0.99 ms  (cached)
Module mesh_triangle_contacts_to_reducer_kernel_98f62989 13e0243 load on device 'cuda:0' took 2.97 ms  (cached)
Module newton._src.geometry.contact_reduction_global 5db63a2 load on device 'cuda:0' took 2.82 ms  (cached)
Module sdf_contact_write_contact_to_reducer_False_True e0d3f15 load on device 'cuda:0' took 3.32 ms  (cached)
Module export_reduced_contacts_write_contact c5c25a3 load on device 'cuda:0' took 0.80 ms  (cached)
Module mujoco_warp._src.constraint eb0e24d load on device 'cuda:0' took 2.65 ms  (cached)
Module _efc_contact_init__locals__kernel_c7a6ce3a c7a6ce3 load on device 'cuda:0' took 1.15 ms  (cached)
Module _efc_contact_jac_sparse__locals__kernel_7bafc28b 7bafc28 load on device 'cuda:0' took 0.68 ms  (cached)
Module _efc_contact_update__locals__kernel_b43fbfe7 b43fbfe load on device 'cuda:0' took 1.37 ms  (cached)
Module mujoco_warp._src.forward a76b6a3 load on device 'cuda:0' took 5.10 ms  (cached)
Module mujoco_warp._src.passive 616927b load on device 'cuda:0' took 0.85 ms  (cached)
Module mujoco_warp._src.forward 398750d load on device 'cuda:0' took 3.89 ms  (cached)
Module mujoco_warp._src.support f32a4f8 load on device 'cuda:0' took 4.56 ms  (cached)
Module mujoco_warp._src.solver 7df28c9 load on device 'cuda:0' took 4.89 ms  (cached)
Module solve_init_jaref__locals__kernel_9f21a0ab 9f21a0a load on device 'cuda:0' took 3.12 ms  (cached)
Module mul_m_sparse__locals___mul_m_sparse_32fa3590 32fa359 load on device 'cuda:0' took 4.59 ms  (cached)
Module update_constraint_efc__locals__kernel_6bfb2757 6bfb275 load on device 'cuda:0' took 1.51 ms  (cached)
Module update_constraint_gauss_cost__locals__kernel_ff76f9ab ff76f9a load on device 'cuda:0' took 1.33 ms  (cached)
Module update_gradient_cholesky_blocked__locals__kernel_38fff992 fd276c6 load on device 'cuda:0' took 183.74 ms  (cached)
Module linesearch_jv_fused__locals__kernel_510fc674 510fc67 load on device 'cuda:0' took 3.48 ms  (cached)
Module linesearch_iterative__locals__kernel_6131c716 3698647 load on device 'cuda:0' took 2.34 ms  (cached)
Module mujoco_warp._src.sensor bee2d80 load on device 'cuda:0' took 2.21 ms  (cached)
Module mujoco_warp._src.derivative f06cf21 load on device 'cuda:0' took 1.52 ms  (cached)
Module newton._src.geometry.bvh ee7ce86 load on device 'cuda:0' took 1.82 ms  (cached)
Module newton._src.sensors.warp_raytrace.utils 373b5a6 load on device 'cuda:0' took 1.36 ms  (cached)
hollow_box: 12 bricks, 0 braced (none), 20 clutch welds
Module newton._src.sensors.warp_raytrace.render 3190a03 load on device 'cuda:0' took 3.65 ms  (cached)
  step 0 b_000 SNAP  {'brick': 'b_000', 'lateral_mm': 0.13, 'dz_mm': -0.42, 'yaw_deg': 0.03, 'tilt_deg': 0.13}
  step 1 b_001 SNAP  {'brick': 'b_001', 'lateral_mm': 0.27, 'dz_mm': -0.41, 'yaw_deg': 0.03, 'tilt_deg': 0.03}
  step 2 b_002 SNAP  {'brick': 'b_002', 'lateral_mm': 0.21, 'dz_mm': -0.4, 'yaw_deg': 0.01, 'tilt_deg': 0.02}
  step 3 b_003 SNAP  {'brick': 'b_003', 'lateral_mm': 0.39, 'dz_mm': -0.38, 'yaw_deg': 0.07, 'tilt_deg': 0.13}
  step 4 b_004 SNAP  {'brick': 'b_004', 'lateral_mm': 0.12, 'dz_mm': -0.23, 'yaw_deg': 0.2, 'tilt_deg': 0.39}
  step 5 b_005 SNAP  {'brick': 'b_005', 'lateral_mm': 0.24, 'dz_mm': -0.41, 'yaw_deg': 0.03, 'tilt_deg': 0.19}
  step 6 b_006 SNAP  {'brick': 'b_006', 'lateral_mm': 0.28, 'dz_mm': -0.2, 'yaw_deg': 0.24, 'tilt_deg': 0.5}
  step 7 b_007 MISS  {'brick': 'b_007', 'lateral_mm': 1.72, 'dz_mm': 2.62, 'yaw_deg': 5.15, 'tilt_deg': 5.2}
  step 8 b_008 SNAP  {'brick': 'b_008', 'lateral_mm': 0.08, 'dz_mm': -0.25, 'yaw_deg': 0.28, 'tilt_deg': 0.23}
  step 9 b_009 SNAP  {'brick': 'b_009', 'lateral_mm': 0.17, 'dz_mm': -0.39, 'yaw_deg': 0.0, 'tilt_deg': 0.02}
  step 10 b_010 SNAP  {'brick': 'b_010', 'lateral_mm': 0.11, 'dz_mm': -0.39, 'yaw_deg': 0.17, 'tilt_deg': 0.05}
  step 11 b_011 SNAP  {'brick': 'b_011', 'lateral_mm': 0.42, 'dz_mm': -0.25, 'yaw_deg': 0.11, 'tilt_deg': 0.4}
done: 11 / 12 placed -> /home/bakasakib/Documents/ISDN_Robofab/brickassembly/results/proto_episodes.jsonl
Traceback (most recent call last):
  File "/home/bakasakib/Documents/ISDN_Robofab/brickassembly/dual_arm_sim.py", line 1925, in <module>
    newton.examples.run(example, args)
  File "/home/bakasakib/Codes/CAIRSS/Issac/lib/python3.12/site-packages/newton/examples/__init__.py", line 330, in run
    example.test_final()
  File "/home/bakasakib/Documents/ISDN_Robofab/brickassembly/dual_arm_sim.py", line 1582, in test_final
    assert self.failure is None, "%s at step %s (%d built)" % (self.failure, self.failed_at_step,
           ^^^^^^^^^^^^^^^^^^^^
AssertionError: gate_miss at step 7 (7 built)
