--- attempt 1
Warp 1.13.0 initialized:
   CUDA Toolkit 12.9, Driver 13.2
   Devices:
     "cpu"      : "x86_64"
     "cuda:0"   : "NVIDIA GeForce RTX 5090 D" (31 GiB, sm_120, mempool enabled)
   Kernel cache:
     /home/bakasakib/.cache/warp/1.13.0
preflight: S3  2 x 10 studs x 9 layers, 16 bricks {'2x2': 11, '2x4': 4, '2x6': 1}, feeder slots 16 of 24
k=8  ......PPPP  ......PPPP
k=7  ......OOOO  ......OOOO
k=6  ...MMMM.NN  ...MMMM.NN
k=5  KKKKKK..LL  KKKKKK..LL
k=4  IIII....JJ  IIII....JJ
k=3  GG......HH  GG......HH
k=2  EE......FF  EE......FF
k=1  CC......DD  CC......DD
k=0  AA......BB  AA......BB
Module newton._src.geometry.inertia a7ff42e load on device 'cuda:0' took 9.84 ms  (cached)
Module newton._src.utils.mesh 1476c2a load on device 'cpu' took 1.29 ms  (cached)
brace grip: 14.3 N per finger, finger material mu 1.000
plan <- results/v4/vision/v1_acc/plans/structure_S3.json
Module validate_and_correct_inertia_kernel_524fb5ef 524fb5e load on device 'cuda:0' took 7.52 ms  (cached)
Module newton._src.sim.ik.ik_solver d9f8ff8 load on device 'cuda:0' took 5.01 ms  (cached)
Module IKOptimizerLM___build_specialized__locals___fk_local_a9d6f4f5 a9d6f4f load on device 'cuda:0' took 4.63 ms  (cached)
Module newton._src.sim.ik.ik_common ec7ac17 load on device 'cuda:0' took 3.35 ms  (cached)
Module newton._src.sim.ik.ik_objectives 2ab3ea8 load on device 'cuda:0' took 4.69 ms  (cached)
Module IKOptimizerLM___build_specialized__locals___compute_motion_subspace_2d_28061874 2806187 load on device 'cuda:0' took 13.74 ms  (cached)
Module _lm_solve_tiled_9_15_71b73c32 641c3f9 load on device 'cuda:0' took 234.08 ms  (cached)
Module newton._src.sim.ik.ik_lm_optimizer d941fd7 load on device 'cuda:0' took 4.73 ms  (cached)
Module newton._src.geometry.sdf_utils 30505d5 load on device 'cuda:0' took 7.08 ms  (cached)
Module newton._src.geometry.sdf_texture ba97079 load on device 'cuda:0' took 10.39 ms  (cached)
Module newton._src.sim.graph_coloring 95273ab load on device 'cpu' took 0.45 ms  (cached)
Module newton._src.solvers.mujoco.kernels f5ae6c7 load on device 'cuda:0' took 8.57 ms  (cached)
Module mujoco_warp._src.io 00dd7e1 load on device 'cuda:0' took 3.97 ms  (cached)
Module mujoco_warp._src.smooth 976a5d7 load on device 'cuda:0' took 6.02 ms  (cached)
Module _solve_LD_sparse_fused__locals__kernel_7e49368b 290ea73 load on device 'cuda:0' took 1.78 ms  (cached)
Module newton._src.sim.articulation 9875313 load on device 'cuda:0' took 8.98 ms  (cached)
Module newton._src.viewer.kernels 6eaf52b load on device 'cuda:0' took 4.04 ms  (cached)
Module newton._src.sim.collide 0e6be4c load on device 'cuda:0' took 6.01 ms  (cached)
Module newton._src.geometry.broad_phase_sap 7baa1de load on device 'cuda:0' took 5.41 ms  (cached)
Module narrow_phase_primitive_write_contact e070310 load on device 'cuda:0' took 6.61 ms  (cached)
Module narrow_phase_gjk_mpr_True_write_contact_default_default 00fbe52 load on device 'cuda:0' took 4.23 ms  (cached)
Module newton._src.geometry.narrow_phase f722f21 load on device 'cuda:0' took 2.49 ms  (cached)
Module newton._src.geometry.contact_reduction_global 5c84d97 load on device 'cuda:0' took 4.21 ms  (cached)
Module newton._src.geometry.narrow_phase e577950 load on device 'cuda:0' took 2.26 ms  (cached)
Module newton._src.geometry.sdf_contact 1cfb221 load on device 'cuda:0' took 5.88 ms  (cached)
Module narrow_phase_mesh_plane_write_contact_to_reducer_True 0316777 load on device 'cuda:0' took 4.56 ms  (cached)
Module mesh_triangle_contacts_to_reducer_kernel_98f62989 13e0243 load on device 'cuda:0' took 2.21 ms  (cached)
Module newton._src.geometry.contact_reduction_global 5db63a2 load on device 'cuda:0' took 2.78 ms  (cached)
Module sdf_contact_write_contact_to_reducer_False_True e0d3f15 load on device 'cuda:0' took 0.93 ms  (cached)
Module export_reduced_contacts_write_contact c5c25a3 load on device 'cuda:0' took 4.09 ms  (cached)
Module mujoco_warp._src.constraint eb0e24d load on device 'cuda:0' took 3.82 ms  (cached)
Module _efc_contact_init__locals__kernel_c7a6ce3a c7a6ce3 load on device 'cuda:0' took 1.32 ms  (cached)
Module _efc_contact_jac_sparse__locals__kernel_7bafc28b 7bafc28 load on device 'cuda:0' took 2.77 ms  (cached)
Module _efc_contact_update__locals__kernel_b43fbfe7 b43fbfe load on device 'cuda:0' took 0.93 ms  (cached)
Module mujoco_warp._src.forward a76b6a3 load on device 'cuda:0' took 7.46 ms  (cached)
Module mujoco_warp._src.passive 616927b load on device 'cuda:0' took 2.04 ms  (cached)
Module mujoco_warp._src.forward 398750d load on device 'cuda:0' took 2.03 ms  (cached)
Module mujoco_warp._src.support f32a4f8 load on device 'cuda:0' took 5.31 ms  (cached)
Module mujoco_warp._src.solver 7df28c9 load on device 'cuda:0' took 8.82 ms  (cached)
Module solve_init_jaref__locals__kernel_83b996d5 83b996d load on device 'cuda:0' took 5.36 ms  (cached)
Module mul_m_sparse__locals___mul_m_sparse_32fa3590 32fa359 load on device 'cuda:0' took 4.31 ms  (cached)
Module update_constraint_efc__locals__kernel_6bfb2757 6bfb275 load on device 'cuda:0' took 2.57 ms  (cached)
Module update_constraint_gauss_cost__locals__kernel_73368172 7336817 load on device 'cuda:0' took 4.97 ms  (cached)
Module update_gradient_cholesky_blocked__locals__kernel_8e3dff9e 48ead09 load on device 'cuda:0' took 267.96 ms  (cached)
Module linesearch_jv_fused__locals__kernel_db87cbc7 db87cbc load on device 'cuda:0' took 2.85 ms  (cached)
Module linesearch_iterative__locals__kernel_6131c716 3698647 load on device 'cuda:0' took 5.98 ms  (cached)
Module mujoco_warp._src.sensor bee2d80 load on device 'cuda:0' took 6.59 ms  (cached)
Module mujoco_warp._src.derivative f06cf21 load on device 'cuda:0' took 3.66 ms  (cached)
S3: 16 bricks, 0 braced (none), 17 clutch welds
  step 7 b_007 SNAP  {'brick': 'b_007', 'lateral_mm': 0.39, 'dz_mm': -0.39, 'yaw_deg': 0.0, 'tilt_deg': 0.3}
done: 8 / 16 placed -> /home/bakasakib/Documents/ISDN_Robofab/brickassembly/results/proto_episodes.jsonl
max brick drift 0.000 mm (b_007)
