--- attempt 1
Warp 1.13.0 initialized:
   CUDA Toolkit 12.9, Driver 13.2
   Devices:
     "cpu"      : "x86_64"
     "cuda:0"   : "NVIDIA GeForce RTX 5090 D" (31 GiB, sm_120, mempool enabled)
   Kernel cache:
     /home/bakasakib/.cache/warp/1.13.0
preflight: rl_28583c6d06dd  2 x 8 studs x 10 layers, 21 bricks {'1x2': 3, '2x2': 14, '2x3': 1, '2x4': 3}, feeder slots 21 of 24
k=9  ...TTTTU  ...TTTTU
k=8  ...RSSSS  ...RSSSS
k=7  PQQQQ.OO  PQQQQ.OO
k=6  NNN...MM  NNN...MM
k=5  KK....LL  KK....LL
k=4  II....JJ  II....JJ
k=3  GG....HH  GG....HH
k=2  EE....FF  EE....FF
k=1  CC....DD  CC....DD
k=0  AA....BB  AA....BB
Module newton._src.geometry.inertia a7ff42e load on device 'cuda:0' took 2.46 ms  (cached)
Module newton._src.utils.mesh 1476c2a load on device 'cpu' took 0.86 ms  (cached)
brace grip: 14.3 N per finger, finger material mu 1.000
plan <- results/v4/vision/v1_acc/plans/28583c6d06dd.json
preflight WARNING: 1 of 21 bricks have no free grasp face (a neighbour sits flush against a pinch face; the placer's fingertips land on its studs): 20 (b_020 1x2) -- the build will likely stop at step 20
Module validate_and_correct_inertia_kernel_524fb5ef 524fb5e load on device 'cuda:0' took 1.02 ms  (cached)
Module newton._src.sim.ik.ik_solver d9f8ff8 load on device 'cuda:0' took 3.64 ms  (cached)
Module IKOptimizerLM___build_specialized__locals___fk_local_a9d6f4f5 a9d6f4f load on device 'cuda:0' took 4.50 ms  (cached)
Module newton._src.sim.ik.ik_common ec7ac17 load on device 'cuda:0' took 2.77 ms  (cached)
Module newton._src.sim.ik.ik_objectives 2ab3ea8 load on device 'cuda:0' took 2.61 ms  (cached)
Module IKOptimizerLM___build_specialized__locals___compute_motion_subspace_2d_28061874 2806187 load on device 'cuda:0' took 10.42 ms  (cached)
Module _lm_solve_tiled_9_15_71b73c32 641c3f9 load on device 'cuda:0' took 165.99 ms  (cached)
Module newton._src.sim.ik.ik_lm_optimizer d941fd7 load on device 'cuda:0' took 2.13 ms  (cached)
Module newton._src.geometry.sdf_utils 30505d5 load on device 'cuda:0' took 4.96 ms  (cached)
Module newton._src.geometry.sdf_texture ba97079 load on device 'cuda:0' took 5.07 ms  (cached)
Module newton._src.sim.graph_coloring 95273ab load on device 'cpu' took 0.20 ms  (cached)
Module newton._src.solvers.mujoco.kernels f5ae6c7 load on device 'cuda:0' took 10.69 ms  (cached)
Module mujoco_warp._src.io 00dd7e1 load on device 'cuda:0' took 4.64 ms  (cached)
Module mujoco_warp._src.smooth 976a5d7 load on device 'cuda:0' took 4.75 ms  (cached)
Module _solve_LD_sparse_fused__locals__kernel_051ea2cf 5f61ec1 load on device 'cuda:0' took 2.70 ms  (cached)
Module newton._src.sim.articulation 9875313 load on device 'cuda:0' took 8.73 ms  (cached)
Module newton._src.viewer.kernels 6eaf52b load on device 'cuda:0' took 1.41 ms  (cached)
Module newton._src.sim.collide 0e6be4c load on device 'cuda:0' took 2.78 ms  (cached)
Module newton._src.geometry.broad_phase_sap 7baa1de load on device 'cuda:0' took 2.96 ms  (cached)
Module narrow_phase_primitive_write_contact e070310 load on device 'cuda:0' took 5.54 ms  (cached)
Module narrow_phase_gjk_mpr_True_write_contact_default_default 00fbe52 load on device 'cuda:0' took 5.84 ms  (cached)
Module newton._src.geometry.narrow_phase f722f21 load on device 'cuda:0' took 2.38 ms  (cached)
Module newton._src.geometry.contact_reduction_global 5c84d97 load on device 'cuda:0' took 2.86 ms  (cached)
Module newton._src.geometry.narrow_phase e577950 load on device 'cuda:0' took 3.33 ms  (cached)
Module newton._src.geometry.sdf_contact 1cfb221 load on device 'cuda:0' took 4.10 ms  (cached)
Module narrow_phase_mesh_plane_write_contact_to_reducer_True 0316777 load on device 'cuda:0' took 3.96 ms  (cached)
Module mesh_triangle_contacts_to_reducer_kernel_98f62989 13e0243 load on device 'cuda:0' took 2.09 ms  (cached)
Module newton._src.geometry.contact_reduction_global 5db63a2 load on device 'cuda:0' took 1.89 ms  (cached)
Module sdf_contact_write_contact_to_reducer_False_True e0d3f15 load on device 'cuda:0' took 3.12 ms  (cached)
Module export_reduced_contacts_write_contact c5c25a3 load on device 'cuda:0' took 4.54 ms  (cached)
Module __main__ 83cffed load on device 'cuda:0' took 4.61 ms  (cached)
Module mujoco_warp._src.constraint eb0e24d load on device 'cuda:0' took 7.06 ms  (cached)
Module _efc_contact_init__locals__kernel_c7a6ce3a c7a6ce3 load on device 'cuda:0' took 1.00 ms  (cached)
Module _efc_contact_jac_sparse__locals__kernel_7bafc28b 7bafc28 load on device 'cuda:0' took 3.36 ms  (cached)
Module _efc_contact_update__locals__kernel_b43fbfe7 b43fbfe load on device 'cuda:0' took 2.22 ms  (cached)
Module mujoco_warp._src.forward a76b6a3 load on device 'cuda:0' took 1.68 ms  (cached)
Module mujoco_warp._src.passive 616927b load on device 'cuda:0' took 0.66 ms  (cached)
Module mujoco_warp._src.forward 398750d load on device 'cuda:0' took 6.37 ms  (cached)
Module mujoco_warp._src.support f32a4f8 load on device 'cuda:0' took 4.45 ms  (cached)
Module mujoco_warp._src.solver 7df28c9 load on device 'cuda:0' took 4.59 ms  (cached)
Module solve_init_jaref__locals__kernel_c00ce795 c00ce79 load on device 'cuda:0' took 3.96 ms  (cached)
Module mul_m_sparse__locals___mul_m_sparse_32fa3590 32fa359 load on device 'cuda:0' took 3.99 ms  (cached)
Module update_constraint_efc__locals__kernel_6bfb2757 6bfb275 load on device 'cuda:0' took 3.77 ms  (cached)
Module update_constraint_gauss_cost__locals__kernel_5ad246fb 5ad246f load on device 'cuda:0' took 3.30 ms  (cached)
Module update_gradient_cholesky_blocked__locals__kernel_d100c982 7e9d30d load on device 'cuda:0' took 196.22 ms  (cached)
Module linesearch_jv_fused__locals__kernel_c1c8ce5e c1c8ce5 load on device 'cuda:0' took 2.93 ms  (cached)
Module linesearch_iterative__locals__kernel_6131c716 3698647 load on device 'cuda:0' took 0.58 ms  (cached)
Module mujoco_warp._src.sensor bee2d80 load on device 'cuda:0' took 3.28 ms  (cached)
Module mujoco_warp._src.derivative f06cf21 load on device 'cuda:0' took 3.70 ms  (cached)
Module newton._src.geometry.bvh ee7ce86 load on device 'cuda:0' took 2.02 ms  (cached)
Module newton._src.sensors.warp_raytrace.utils 373b5a6 load on device 'cuda:0' took 4.65 ms  (cached)
rl_28583c6d06dd: 21 bricks, 0 braced (none), 23 clutch welds
Module newton._src.sensors.warp_raytrace.render 3190a03 load on device 'cuda:0' took 3.09 ms  (cached)
  BREAK b_000 on None: u 1.451, frame 753, step 18
  BREAK b_002 on b_000: u 1.432, frame 753, step 18
  BREAK b_004 on b_002: u 1.387, frame 753, step 18
  BREAK b_006 on b_004: u 1.318, frame 753, step 18
  BREAK b_008 on b_006: u 1.226, frame 753, step 18
FAILURE joint_break at step 18: arms open and park
Traceback (most recent call last):
  File "/home/bakasakib/Documents/ISDN_Robofab/brickassembly/dual_arm_sim.py", line 1925, in <module>
    newton.examples.run(example, args)
  File "/home/bakasakib/Codes/CAIRSS/Issac/lib/python3.12/site-packages/newton/examples/__init__.py", line 330, in run
    example.test_final()
  File "/home/bakasakib/Documents/ISDN_Robofab/brickassembly/dual_arm_sim.py", line 1582, in test_final
    assert self.failure is None, "%s at step %s (%d built)" % (self.failure, self.failed_at_step,
           ^^^^^^^^^^^^^^^^^^^^
AssertionError: joint_break at step 18 (13 built)
