--- attempt 1
Warp 1.13.0 initialized:
   CUDA Toolkit 12.9, Driver 13.2
   Devices:
     "cpu"      : "x86_64"
     "cuda:0"   : "NVIDIA GeForce RTX 5090 D" (31 GiB, sm_120, mempool enabled)
   Kernel cache:
     /home/bakasakib/.cache/warp/1.13.0
preflight: S3L  2 x 10 studs x 6 layers, 6 bricks {'2x2': 4, '2x6': 2}, feeder slots 6 of 24
k=5  ........FF  ........FF
k=4  ....EEEEEE  ....EEEEEE
k=3  DDDDDD....  DDDDDD....
k=2  CC........  CC........
k=1  BB........  BB........
k=0  AA........  AA........
Module newton._src.geometry.inertia a7ff42e load on device 'cuda:0' took 0.73 ms  (cached)
Module newton._src.utils.mesh 1476c2a load on device 'cpu' took 0.84 ms  (cached)
brace grip: 14.3 N per finger, finger material mu 1.000
plan <- results/v4/vision/v1_acc/plans/structure_S3L.json
Module validate_and_correct_inertia_kernel_524fb5ef 524fb5e load on device 'cuda:0' took 1.30 ms  (cached)
Module newton._src.sim.ik.ik_solver d9f8ff8 load on device 'cuda:0' took 1.38 ms  (cached)
Module IKOptimizerLM___build_specialized__locals___fk_local_a9d6f4f5 a9d6f4f load on device 'cuda:0' took 2.34 ms  (cached)
Module newton._src.sim.ik.ik_common ec7ac17 load on device 'cuda:0' took 1.51 ms  (cached)
Module newton._src.sim.ik.ik_objectives 2ab3ea8 load on device 'cuda:0' took 0.99 ms  (cached)
Module IKOptimizerLM___build_specialized__locals___compute_motion_subspace_2d_28061874 2806187 load on device 'cuda:0' took 2.17 ms  (cached)
Module _lm_solve_tiled_9_15_71b73c32 641c3f9 load on device 'cuda:0' took 130.21 ms  (cached)
Module newton._src.sim.ik.ik_lm_optimizer d941fd7 load on device 'cuda:0' took 1.46 ms  (cached)
Module newton._src.geometry.sdf_utils 30505d5 load on device 'cuda:0' took 2.74 ms  (cached)
Module newton._src.geometry.sdf_texture ba97079 load on device 'cuda:0' took 4.35 ms  (cached)
Module newton._src.sim.graph_coloring 95273ab load on device 'cpu' took 0.24 ms  (cached)
Module newton._src.solvers.mujoco.kernels f5ae6c7 load on device 'cuda:0' took 7.31 ms  (cached)
Module mujoco_warp._src.io 00dd7e1 load on device 'cuda:0' took 2.48 ms  (cached)
Module mujoco_warp._src.smooth 976a5d7 load on device 'cuda:0' took 3.58 ms  (cached)
Module _solve_LD_sparse_fused__locals__kernel_a79aee61 bc31c62 load on device 'cuda:0' took 0.48 ms  (cached)
Module newton._src.sim.articulation 9875313 load on device 'cuda:0' took 3.75 ms  (cached)
Module newton._src.viewer.kernels 6eaf52b load on device 'cuda:0' took 1.48 ms  (cached)
Module newton._src.sim.collide 0e6be4c load on device 'cuda:0' took 2.04 ms  (cached)
Module newton._src.geometry.broad_phase_sap 7baa1de load on device 'cuda:0' took 0.48 ms  (cached)
Module narrow_phase_primitive_write_contact e070310 load on device 'cuda:0' took 1.02 ms  (cached)
Module narrow_phase_gjk_mpr_True_write_contact_default_default 00fbe52 load on device 'cuda:0' took 3.22 ms  (cached)
Module newton._src.geometry.narrow_phase f722f21 load on device 'cuda:0' took 2.06 ms  (cached)
Module newton._src.geometry.contact_reduction_global 5c84d97 load on device 'cuda:0' took 2.48 ms  (cached)
Module newton._src.geometry.narrow_phase e577950 load on device 'cuda:0' took 2.29 ms  (cached)
Module newton._src.geometry.sdf_contact 1cfb221 load on device 'cuda:0' took 1.72 ms  (cached)
Module narrow_phase_mesh_plane_write_contact_to_reducer_True 0316777 load on device 'cuda:0' took 0.80 ms  (cached)
Module mesh_triangle_contacts_to_reducer_kernel_98f62989 13e0243 load on device 'cuda:0' took 2.35 ms  (cached)
Module newton._src.geometry.contact_reduction_global 5db63a2 load on device 'cuda:0' took 2.45 ms  (cached)
Module sdf_contact_write_contact_to_reducer_False_True e0d3f15 load on device 'cuda:0' took 2.51 ms  (cached)
Module export_reduced_contacts_write_contact c5c25a3 load on device 'cuda:0' took 0.99 ms  (cached)
Module mujoco_warp._src.constraint eb0e24d load on device 'cuda:0' took 2.12 ms  (cached)
Module _efc_contact_init__locals__kernel_c7a6ce3a c7a6ce3 load on device 'cuda:0' took 0.59 ms  (cached)
Module _efc_contact_jac_sparse__locals__kernel_7bafc28b 7bafc28 load on device 'cuda:0' took 0.28 ms  (cached)
Module _efc_contact_update__locals__kernel_b43fbfe7 b43fbfe load on device 'cuda:0' took 1.40 ms  (cached)
Module mujoco_warp._src.forward a76b6a3 load on device 'cuda:0' took 1.12 ms  (cached)
Module mujoco_warp._src.passive 616927b load on device 'cuda:0' took 1.84 ms  (cached)
Module mujoco_warp._src.forward 398750d load on device 'cuda:0' took 1.27 ms  (cached)
Module mujoco_warp._src.support f32a4f8 load on device 'cuda:0' took 1.28 ms  (cached)
Module mujoco_warp._src.solver 7df28c9 load on device 'cuda:0' took 1.54 ms  (cached)
Module solve_init_jaref__locals__kernel_c4d74980 c4d7498 load on device 'cuda:0' took 1.32 ms  (cached)
Module mul_m_sparse__locals___mul_m_sparse_32fa3590 32fa359 load on device 'cuda:0' took 1.21 ms  (cached)
Module update_constraint_efc__locals__kernel_6bfb2757 6bfb275 load on device 'cuda:0' took 0.77 ms  (cached)
Module update_constraint_gauss_cost__locals__kernel_477244c2 477244c load on device 'cuda:0' took 0.33 ms  (cached)
Module update_gradient_cholesky_blocked__locals__kernel_041b7074 d4f8d6d load on device 'cuda:0' took 142.05 ms  (cached)
Module linesearch_jv_fused__locals__kernel_d5f36407 d5f3640 load on device 'cuda:0' took 0.59 ms  (cached)
Module linesearch_iterative__locals__kernel_6131c716 3698647 load on device 'cuda:0' took 2.40 ms  (cached)
Module mujoco_warp._src.sensor bee2d80 load on device 'cuda:0' took 1.71 ms  (cached)
Module mujoco_warp._src.derivative f06cf21 load on device 'cuda:0' took 1.30 ms  (cached)
Module newton._src.geometry.bvh ee7ce86 load on device 'cuda:0' took 0.89 ms  (cached)
Module newton._src.sensors.warp_raytrace.utils 373b5a6 load on device 'cuda:0' took 2.53 ms  (cached)
S3L: 6 bricks, 0 braced (none), 6 clutch welds
Module newton._src.sensors.warp_raytrace.render 3190a03 load on device 'cuda:0' took 1.87 ms  (cached)
  step 3 b_003 SNAP  {'brick': 'b_003', 'lateral_mm': 0.11, 'dz_mm': -0.42, 'yaw_deg': 0.01, 'tilt_deg': 0.4}
done: 4 / 6 placed -> /home/bakasakib/Documents/ISDN_Robofab/brickassembly/results/proto_episodes.jsonl
max brick drift 0.003 mm (b_003)
