--- attempt 1
Warp 1.13.0 initialized:
   CUDA Toolkit 12.9, Driver 13.2
   Devices:
     "cpu"      : "x86_64"
     "cuda:0"   : "NVIDIA GeForce RTX 5090 D" (31 GiB, sm_120, mempool enabled)
   Kernel cache:
     /home/bakasakib/.cache/warp/1.13.0
preflight: rl_c2c29f558444  2 x 8 studs x 8 layers, 15 bricks {'1x2': 1, '2x2': 10, '2x4': 4}, feeder slots 15 of 24
k=7  ....OOOO  ....OOOO
k=6  ....NNNN  ....NNNN
k=5  LMMMM.KK  LMMMM.KK
k=4  JJJJ..II  JJJJ..II
k=3  GG....HH  GG....HH
k=2  EE....FF  EE....FF
k=1  CC....DD  CC....DD
k=0  AA....BB  AA....BB
Module newton._src.geometry.inertia a7ff42e load on device 'cuda:0' took 3.78 ms  (cached)
Module newton._src.utils.mesh 1476c2a load on device 'cpu' took 0.87 ms  (cached)
brace grip: 14.3 N per finger, finger material mu 1.000
plan <- results/v4/vision/v1_acc/plans/c2c29f558444.json
Module validate_and_correct_inertia_kernel_524fb5ef 524fb5e load on device 'cuda:0' took 1.43 ms  (cached)
Module newton._src.sim.ik.ik_solver d9f8ff8 load on device 'cuda:0' took 5.20 ms  (cached)
Module IKOptimizerLM___build_specialized__locals___fk_local_a9d6f4f5 a9d6f4f load on device 'cuda:0' took 4.56 ms  (cached)
Module newton._src.sim.ik.ik_common ec7ac17 load on device 'cuda:0' took 3.68 ms  (cached)
Module newton._src.sim.ik.ik_objectives 2ab3ea8 load on device 'cuda:0' took 3.51 ms  (cached)
Module IKOptimizerLM___build_specialized__locals___compute_motion_subspace_2d_28061874 2806187 load on device 'cuda:0' took 9.40 ms  (cached)
Module _lm_solve_tiled_9_15_71b73c32 641c3f9 load on device 'cuda:0' took 176.42 ms  (cached)
Module newton._src.sim.ik.ik_lm_optimizer d941fd7 load on device 'cuda:0' took 3.32 ms  (cached)
Module newton._src.geometry.sdf_utils 30505d5 load on device 'cuda:0' took 5.98 ms  (cached)
Module newton._src.geometry.sdf_texture ba97079 load on device 'cuda:0' took 9.27 ms  (cached)
Module newton._src.sim.graph_coloring 95273ab load on device 'cpu' took 0.25 ms  (cached)
Module newton._src.solvers.mujoco.kernels f5ae6c7 load on device 'cuda:0' took 5.54 ms  (cached)
Module mujoco_warp._src.io 00dd7e1 load on device 'cuda:0' took 3.43 ms  (cached)
Module mujoco_warp._src.smooth 976a5d7 load on device 'cuda:0' took 3.86 ms  (cached)
Module _solve_LD_sparse_fused__locals__kernel_27a650e4 132cbec load on device 'cuda:0' took 1.67 ms  (cached)
Module newton._src.sim.articulation 9875313 load on device 'cuda:0' took 3.96 ms  (cached)
Module newton._src.viewer.kernels 6eaf52b load on device 'cuda:0' took 3.52 ms  (cached)
Module newton._src.sim.collide 0e6be4c load on device 'cuda:0' took 2.40 ms  (cached)
Module newton._src.geometry.broad_phase_sap 7baa1de load on device 'cuda:0' took 0.78 ms  (cached)
Module narrow_phase_primitive_write_contact e070310 load on device 'cuda:0' took 1.70 ms  (cached)
Module narrow_phase_gjk_mpr_True_write_contact_default_default 00fbe52 load on device 'cuda:0' took 4.70 ms  (cached)
Module newton._src.geometry.narrow_phase f722f21 load on device 'cuda:0' took 1.28 ms  (cached)
Module newton._src.geometry.contact_reduction_global 5c84d97 load on device 'cuda:0' took 2.43 ms  (cached)
Module newton._src.geometry.narrow_phase e577950 load on device 'cuda:0' took 0.81 ms  (cached)
Module newton._src.geometry.sdf_contact 1cfb221 load on device 'cuda:0' took 1.69 ms  (cached)
Module narrow_phase_mesh_plane_write_contact_to_reducer_True 0316777 load on device 'cuda:0' took 0.91 ms  (cached)
Module mesh_triangle_contacts_to_reducer_kernel_98f62989 13e0243 load on device 'cuda:0' took 4.08 ms  (cached)
Module newton._src.geometry.contact_reduction_global 5db63a2 load on device 'cuda:0' took 2.50 ms  (cached)
Module sdf_contact_write_contact_to_reducer_False_True e0d3f15 load on device 'cuda:0' took 1.01 ms  (cached)
Module export_reduced_contacts_write_contact c5c25a3 load on device 'cuda:0' took 0.87 ms  (cached)
Module __main__ 83cffed load on device 'cuda:0' took 0.35 ms  (cached)
Module mujoco_warp._src.constraint eb0e24d load on device 'cuda:0' took 2.73 ms  (cached)
Module _efc_contact_init__locals__kernel_c7a6ce3a c7a6ce3 load on device 'cuda:0' took 0.77 ms  (cached)
Module _efc_contact_jac_sparse__locals__kernel_7bafc28b 7bafc28 load on device 'cuda:0' took 0.95 ms  (cached)
Module _efc_contact_update__locals__kernel_b43fbfe7 b43fbfe load on device 'cuda:0' took 1.31 ms  (cached)
Module mujoco_warp._src.forward a76b6a3 load on device 'cuda:0' took 4.06 ms  (cached)
Module mujoco_warp._src.passive 616927b load on device 'cuda:0' took 3.94 ms  (cached)
Module mujoco_warp._src.forward 398750d load on device 'cuda:0' took 1.98 ms  (cached)
Module mujoco_warp._src.support f32a4f8 load on device 'cuda:0' took 2.40 ms  (cached)
Module mujoco_warp._src.solver 7df28c9 load on device 'cuda:0' took 4.49 ms  (cached)
Module solve_init_jaref__locals__kernel_97a33e8f 97a33e8 load on device 'cuda:0' took 2.57 ms  (cached)
Module mul_m_sparse__locals___mul_m_sparse_32fa3590 32fa359 load on device 'cuda:0' took 3.58 ms  (cached)
Module update_constraint_efc__locals__kernel_6bfb2757 6bfb275 load on device 'cuda:0' took 1.24 ms  (cached)
Module update_constraint_gauss_cost__locals__kernel_a782b42b a782b42 load on device 'cuda:0' took 1.04 ms  (cached)
Module update_gradient_cholesky_blocked__locals__kernel_07086017 880ab8d load on device 'cuda:0' took 190.72 ms  (cached)
Module linesearch_jv_fused__locals__kernel_f0894555 f089455 load on device 'cuda:0' took 2.55 ms  (cached)
Module linesearch_iterative__locals__kernel_6131c716 3698647 load on device 'cuda:0' took 2.45 ms  (cached)
Module mujoco_warp._src.sensor bee2d80 load on device 'cuda:0' took 2.92 ms  (cached)
Module mujoco_warp._src.derivative f06cf21 load on device 'cuda:0' took 4.81 ms  (cached)
Module newton._src.geometry.bvh ee7ce86 load on device 'cuda:0' took 4.33 ms  (cached)
Module newton._src.sensors.warp_raytrace.utils 373b5a6 load on device 'cuda:0' took 2.44 ms  (cached)
rl_c2c29f558444: 15 bricks, 0 braced (none), 16 clutch welds
Module newton._src.sensors.warp_raytrace.render 3190a03 load on device 'cuda:0' took 3.87 ms  (cached)
  BREAK b_000 on None: u 1.329, frame 756, step 13
  BREAK b_002 on b_000: u 1.304, frame 756, step 13
  BREAK b_004 on b_002: u 1.252, frame 756, step 13
  BREAK b_006 on b_004: u 1.173, frame 756, step 13
FAILURE joint_break at step 13: arms open and park
Traceback (most recent call last):
  File "/home/bakasakib/Documents/ISDN_Robofab/brickassembly/dual_arm_sim.py", line 1925, in <module>
    newton.examples.run(example, args)
  File "/home/bakasakib/Codes/CAIRSS/Issac/lib/python3.12/site-packages/newton/examples/__init__.py", line 330, in run
    example.test_final()
  File "/home/bakasakib/Documents/ISDN_Robofab/brickassembly/dual_arm_sim.py", line 1582, in test_final
    assert self.failure is None, "%s at step %s (%d built)" % (self.failure, self.failed_at_step,
           ^^^^^^^^^^^^^^^^^^^^
AssertionError: joint_break at step 13 (9 built)
