preflight: S3  2 x 10 studs x 9 layers, 16 bricks {'2x2': 11, '2x4': 4, '2x6': 1}, feeder slots 16 of 24
k=8  ......PPPP  ......PPPP
k=7  ......OOOO  ......OOOO
k=6  ...MMMM.NN  ...MMMM.NN
k=5  KKKKKK..LL  KKKKKK..LL
k=4  IIII....JJ  IIII....JJ
k=3  GG......HH  GG......HH
k=2  EE......FF  EE......FF
k=1  CC......DD  CC......DD
k=0  AA......BB  AA......BB
brace grip: 14.3 N per finger, finger material mu 1.000
plan <- results/v4/vision/pick_fix/plans/structure_S3.json
S3: 16 bricks, 0 braced (none), 17 clutch welds
TMPDBG settle waited_s 0.167 t 0.283 xyerr_mm 0.49
TMPDBG touchdown err_mm [-0.03 -0.01  2.09] ee [ 0.17   -0.29    0.0151]
TMPDBG lift-start tilt 0.44
  step 0 b_000 SNAP  {'brick': 'b_000', 'lateral_mm': 0.23, 'dz_mm': -0.35, 'yaw_deg': 0.01, 'tilt_deg': 0.37}
TMPDBG settle waited_s 0.167 t 0.283 xyerr_mm 0.49
TMPDBG touchdown err_mm [-0.03 -0.03  2.11] ee [ 0.1    -0.22    0.0151]
TMPDBG lift-start tilt 0.48
  step 1 b_001 SNAP  {'brick': 'b_001', 'lateral_mm': 0.23, 'dz_mm': -0.35, 'yaw_deg': 0.02, 'tilt_deg': 0.12}
TMPDBG settle waited_s 0.133 t 0.25 xyerr_mm 0.5
TMPDBG touchdown err_mm [-0.05 -0.02  2.11] ee [ 0.2399 -0.36    0.0151]
TMPDBG lift-start tilt 0.56
  step 2 b_002 SNAP  {'brick': 'b_002', 'lateral_mm': 0.2, 'dz_mm': -0.35, 'yaw_deg': 0.02, 'tilt_deg': 0.13}
TMPDBG settle waited_s 0.117 t 0.233 xyerr_mm 0.49
TMPDBG touchdown err_mm [-0.07 -0.07  2.17] ee [ 0.3099 -0.4301  0.0152]
TMPDBG lift-start tilt 0.4
  step 3 b_003 SNAP  {'brick': 'b_003', 'lateral_mm': 0.2, 'dz_mm': -0.34, 'yaw_deg': 0.03, 'tilt_deg': 0.19}
TMPDBG settle waited_s 0.1 t 0.217 xyerr_mm 0.5
TMPDBG touchdown err_mm [-0.07 -0.08  2.2 ] ee [ 0.0999 -0.2901  0.0152]
TMPDBG lift-start tilt 0.43
  step 4 b_004 SNAP  {'brick': 'b_004', 'lateral_mm': 0.19, 'dz_mm': -0.34, 'yaw_deg': 0.0, 'tilt_deg': 0.37}
TMPDBG settle waited_s 0.1 t 0.217 xyerr_mm 0.49
TMPDBG touchdown err_mm [-0.07 -0.08  2.2 ] ee [ 0.1699 -0.3601  0.0152]
TMPDBG lift-start tilt 0.36
  step 5 b_005 SNAP  {'brick': 'b_005', 'lateral_mm': 0.19, 'dz_mm': -0.34, 'yaw_deg': 0.02, 'tilt_deg': 0.26}
TMPDBG settle waited_s 0.1 t 0.217 xyerr_mm 0.47
TMPDBG touchdown err_mm [-0.08 -0.11  2.25] ee [ 0.2399 -0.4301  0.0152]
TMPDBG lift-start tilt 0.5
  step 6 b_006 SNAP  {'brick': 'b_006', 'lateral_mm': 0.18, 'dz_mm': -0.35, 'yaw_deg': 0.02, 'tilt_deg': 0.12}
TMPDBG settle waited_s 0.067 t 0.183 xyerr_mm 0.49
TMPDBG touchdown err_mm [-0.11 -0.15  2.32] ee [ 0.0999 -0.3602  0.0153]
TMPDBG lift-start tilt 0.33
  step 7 b_007 SNAP  {'brick': 'b_007', 'lateral_mm': 0.17, 'dz_mm': -0.34, 'yaw_deg': 0.02, 'tilt_deg': 0.26}
TMPDBG settle waited_s 0.067 t 0.183 xyerr_mm 0.48
TMPDBG touchdown err_mm [-0.1  -0.17  2.35] ee [ 0.1699 -0.4302  0.0153]
TMPDBG lift-start tilt 0.51
  step 8 b_009 SNAP  {'brick': 'b_009', 'lateral_mm': 0.16, 'dz_mm': -0.34, 'yaw_deg': 0.02, 'tilt_deg': 0.15}
TMPDBG settle waited_s 0.067 t 0.183 xyerr_mm 0.48
TMPDBG touchdown err_mm [-0.07 -0.18  2.35] ee [ 0.3099 -0.5002  0.0154]
TMPDBG lift-start tilt 0.46
  step 9 b_008 SNAP  {'brick': 'b_008', 'lateral_mm': 0.15, 'dz_mm': -0.34, 'yaw_deg': 0.01, 'tilt_deg': 0.16}
TMPDBG settle waited_s 0.05 t 0.167 xyerr_mm 0.46
TMPDBG touchdown err_mm [ 0.   -0.04  1.86] ee [ 0.24   -0.5     0.0149]
TMPDBG lift-start tilt 0.51
  step 10 b_011 SNAP  {'brick': 'b_011', 'lateral_mm': 0.16, 'dz_mm': -0.34, 'yaw_deg': 0.01, 'tilt_deg': 0.18}
TMPDBG settle waited_s 0.033 t 0.15 xyerr_mm 0.45
TMPDBG touchdown err_mm [ 0.   -0.08  1.9 ] ee [ 0.1    -0.4301  0.0149]
TMPDBG lift-start tilt 0.43
  step 11 b_010 SNAP  {'brick': 'b_010', 'lateral_mm': 0.08, 'dz_mm': -0.28, 'yaw_deg': 0.0, 'tilt_deg': 0.15}
TMPDBG settle waited_s 0.033 t 0.15 xyerr_mm 0.42
TMPDBG touchdown err_mm [-0.   -0.1   1.95] ee [ 0.17   -0.5001  0.015 ]
TMPDBG lift-start tilt 0.36
  step 12 b_013 SNAP  {'brick': 'b_013', 'lateral_mm': 0.15, 'dz_mm': -0.35, 'yaw_deg': 0.04, 'tilt_deg': 0.09}
TMPDBG settle waited_s 0.067 t 0.183 xyerr_mm 0.48
TMPDBG touchdown err_mm [-0.07 -0.12  2.05] ee [ 0.0999 -0.5001  0.0151]
TMPDBG lift-start tilt 0.4
  step 13 b_012 SNAP  {'brick': 'b_012', 'lateral_mm': 0.13, 'dz_mm': -0.32, 'yaw_deg': 0.02, 'tilt_deg': 0.1}
TMPDBG settle waited_s 0.133 t 0.25 xyerr_mm 0.48
TMPDBG touchdown err_mm [-0.06 -0.05  2.14] ee [ 0.3799 -0.4301  0.0151]
TMPDBG lift-start tilt 0.57
  step 14 b_014 SNAP  {'brick': 'b_014', 'lateral_mm': 0.1, 'dz_mm': -0.32, 'yaw_deg': 0.01, 'tilt_deg': 0.14}
TMPDBG settle waited_s 0.1 t 0.217 xyerr_mm 0.47
TMPDBG touchdown err_mm [-0.12 -0.08  2.25] ee [ 0.0299 -0.2201  0.0153]
TMPDBG lift-start tilt 0.48
  step 15 b_015 SNAP  {'brick': 'b_015', 'lateral_mm': 0.07, 'dz_mm': -0.3, 'yaw_deg': 0.0, 'tilt_deg': 0.08}
done: 16 / 16 placed -> /home/bakasakib/Documents/ISDN_Robofab/brickassembly/results/proto_episodes.jsonl
max brick drift 0.001 mm (b_012)
