preflight: hollow_box  6 x 6 studs x 3 layers, 12 bricks {'1x4': 6, '1x6': 6}, feeder slots 12 of 24
k=2  IIIIII  J....K  J....K  J....K  J....K  LLLLLL
k=1  EFFFFG  E....G  E....G  E....G  E....G  EHHHHG
k=0  AAAAAA  B....C  B....C  B....C  B....C  DDDDDD
brace grip: 14.3 N per finger, finger material mu 1.000
plan -> plans/sim_hollow_box_none.json
hollow_box: 12 bricks, 0 braced (none), 20 clutch welds
  step 0 b_000 SNAP  {'brick': 'b_000', 'lateral_mm': 0.24, 'dz_mm': -0.38, 'yaw_deg': 0.01, 'tilt_deg': 0.13}
  step 1 b_001 SNAP  {'brick': 'b_001', 'lateral_mm': 0.23, 'dz_mm': -0.37, 'yaw_deg': 0.0, 'tilt_deg': 0.03}
  step 2 b_002 SNAP  {'brick': 'b_002', 'lateral_mm': 0.23, 'dz_mm': -0.36, 'yaw_deg': 0.0, 'tilt_deg': 0.02}
  step 3 b_003 SNAP  {'brick': 'b_003', 'lateral_mm': 0.23, 'dz_mm': -0.34, 'yaw_deg': 0.01, 'tilt_deg': 0.13}
  step 4 b_004 SNAP  {'brick': 'b_004', 'lateral_mm': 0.21, 'dz_mm': -0.21, 'yaw_deg': 0.13, 'tilt_deg': 0.52}
  step 5 b_005 SNAP  {'brick': 'b_005', 'lateral_mm': 0.25, 'dz_mm': -0.38, 'yaw_deg': 0.01, 'tilt_deg': 0.19}
  step 6 b_006 SNAP  {'brick': 'b_006', 'lateral_mm': 0.25, 'dz_mm': -0.22, 'yaw_deg': 0.09, 'tilt_deg': 0.26}
  step 7 b_007 SNAP  {'brick': 'b_007', 'lateral_mm': 0.28, 'dz_mm': -0.33, 'yaw_deg': 0.0, 'tilt_deg': 0.12}
  step 8 b_008 SNAP  {'brick': 'b_008', 'lateral_mm': 0.11, 'dz_mm': -0.19, 'yaw_deg': 0.17, 'tilt_deg': 0.46}
  step 9 b_009 SNAP  {'brick': 'b_009', 'lateral_mm': 0.23, 'dz_mm': -0.37, 'yaw_deg': 0.0, 'tilt_deg': 0.02}
  step 10 b_010 SNAP  {'brick': 'b_010', 'lateral_mm': 0.23, 'dz_mm': -0.36, 'yaw_deg': 0.0, 'tilt_deg': 0.02}
  step 11 b_011 SNAP  {'brick': 'b_011', 'lateral_mm': 0.29, 'dz_mm': -0.26, 'yaw_deg': 0.11, 'tilt_deg': 0.39}
done: 12 / 12 placed -> /home/bakasakib/Documents/ISDN_Robofab/brickassembly/results/proto_episodes.jsonl
max brick drift 0.000 mm (b_008)
